Archive member included to satisfy reference by file (symbol)

c:/program files (x86)/gnu arm embedded toolchain/10 2020-q4-major/bin/../lib/gcc/arm-none-eabi/10.2.1/thumb/v6-m/nofp\libgcc.a(_udivsi3.o)
                              sam0/drivers/system/clock/clock_samd09_d10_d11/clock.o (__aeabi_uidiv)
c:/program files (x86)/gnu arm embedded toolchain/10 2020-q4-major/bin/../lib/gcc/arm-none-eabi/10.2.1/thumb/v6-m/nofp\libgcc.a(_dvmd_tls.o)
                              c:/program files (x86)/gnu arm embedded toolchain/10 2020-q4-major/bin/../lib/gcc/arm-none-eabi/10.2.1/thumb/v6-m/nofp\libgcc.a(_udivsi3.o) (__aeabi_idiv0)
c:/program files (x86)/gnu arm embedded toolchain/10 2020-q4-major/bin/../lib/gcc/arm-none-eabi/10.2.1/../../../../arm-none-eabi/lib/thumb/v6-m/nofp\libc_nano.a(lib_a-exit.o)
                              c:/program files (x86)/gnu arm embedded toolchain/10 2020-q4-major/bin/../lib/gcc/arm-none-eabi/10.2.1/../../../../arm-none-eabi/lib/thumb/v6-m/nofp/crt0.o (exit)
c:/program files (x86)/gnu arm embedded toolchain/10 2020-q4-major/bin/../lib/gcc/arm-none-eabi/10.2.1/../../../../arm-none-eabi/lib/thumb/v6-m/nofp\libc_nano.a(lib_a-impure.o)
                              c:/program files (x86)/gnu arm embedded toolchain/10 2020-q4-major/bin/../lib/gcc/arm-none-eabi/10.2.1/../../../../arm-none-eabi/lib/thumb/v6-m/nofp\libc_nano.a(lib_a-exit.o) (_global_impure_ptr)
c:/program files (x86)/gnu arm embedded toolchain/10 2020-q4-major/bin/../lib/gcc/arm-none-eabi/10.2.1/../../../../arm-none-eabi/lib/thumb/v6-m/nofp\libc_nano.a(lib_a-init.o)
                              c:/program files (x86)/gnu arm embedded toolchain/10 2020-q4-major/bin/../lib/gcc/arm-none-eabi/10.2.1/../../../../arm-none-eabi/lib/thumb/v6-m/nofp/crt0.o (__libc_init_array)
c:/program files (x86)/gnu arm embedded toolchain/10 2020-q4-major/bin/../lib/gcc/arm-none-eabi/10.2.1/../../../../arm-none-eabi/lib/thumb/v6-m/nofp\libc_nano.a(lib_a-memset.o)
                              c:/program files (x86)/gnu arm embedded toolchain/10 2020-q4-major/bin/../lib/gcc/arm-none-eabi/10.2.1/../../../../arm-none-eabi/lib/thumb/v6-m/nofp/crt0.o (memset)

Discarded input sections

 .text          0x00000000        0x0 c:/program files (x86)/gnu arm embedded toolchain/10 2020-q4-major/bin/../lib/gcc/arm-none-eabi/10.2.1/thumb/v6-m/nofp/crti.o
 .data          0x00000000        0x0 c:/program files (x86)/gnu arm embedded toolchain/10 2020-q4-major/bin/../lib/gcc/arm-none-eabi/10.2.1/thumb/v6-m/nofp/crti.o
 .bss           0x00000000        0x0 c:/program files (x86)/gnu arm embedded toolchain/10 2020-q4-major/bin/../lib/gcc/arm-none-eabi/10.2.1/thumb/v6-m/nofp/crti.o
 .data          0x00000000        0x4 c:/program files (x86)/gnu arm embedded toolchain/10 2020-q4-major/bin/../lib/gcc/arm-none-eabi/10.2.1/thumb/v6-m/nofp/crtbegin.o
 .rodata        0x00000000       0x24 c:/program files (x86)/gnu arm embedded toolchain/10 2020-q4-major/bin/../lib/gcc/arm-none-eabi/10.2.1/thumb/v6-m/nofp/crtbegin.o
 .text          0x00000000       0x80 c:/program files (x86)/gnu arm embedded toolchain/10 2020-q4-major/bin/../lib/gcc/arm-none-eabi/10.2.1/../../../../arm-none-eabi/lib/thumb/v6-m/nofp/crt0.o
 .data          0x00000000        0x0 c:/program files (x86)/gnu arm embedded toolchain/10 2020-q4-major/bin/../lib/gcc/arm-none-eabi/10.2.1/../../../../arm-none-eabi/lib/thumb/v6-m/nofp/crt0.o
 .bss           0x00000000        0x0 c:/program files (x86)/gnu arm embedded toolchain/10 2020-q4-major/bin/../lib/gcc/arm-none-eabi/10.2.1/../../../../arm-none-eabi/lib/thumb/v6-m/nofp/crt0.o
 .ARM.extab     0x00000000        0x0 c:/program files (x86)/gnu arm embedded toolchain/10 2020-q4-major/bin/../lib/gcc/arm-none-eabi/10.2.1/../../../../arm-none-eabi/lib/thumb/v6-m/nofp/crt0.o
 .ARM.exidx     0x00000000       0x10 c:/program files (x86)/gnu arm embedded toolchain/10 2020-q4-major/bin/../lib/gcc/arm-none-eabi/10.2.1/../../../../arm-none-eabi/lib/thumb/v6-m/nofp/crt0.o
 .ARM.attributes
                0x00000000       0x1b c:/program files (x86)/gnu arm embedded toolchain/10 2020-q4-major/bin/../lib/gcc/arm-none-eabi/10.2.1/../../../../arm-none-eabi/lib/thumb/v6-m/nofp/crt0.o
 .group         0x00000000        0xc common/utils/interrupt/interrupt_sam_nvic.o
 .group         0x00000000        0xc common/utils/interrupt/interrupt_sam_nvic.o
 .group         0x00000000        0xc common/utils/interrupt/interrupt_sam_nvic.o
 .group         0x00000000        0xc common/utils/interrupt/interrupt_sam_nvic.o
 .group         0x00000000        0xc common/utils/interrupt/interrupt_sam_nvic.o
 .group         0x00000000        0xc common/utils/interrupt/interrupt_sam_nvic.o
 .group         0x00000000        0xc common/utils/interrupt/interrupt_sam_nvic.o
 .group         0x00000000        0xc common/utils/interrupt/interrupt_sam_nvic.o
 .group         0x00000000        0xc common/utils/interrupt/interrupt_sam_nvic.o
[...]
Memory Configuration

Name             Origin             Length             Attributes
rom              0x00000000         0x00004000         xr
ram              0x20000000         0x00001000         xrw
*default*        0x00000000         0xffffffff

Linker script and memory map

LOAD c:/program files (x86)/gnu arm embedded toolchain/10 2020-q4-major/bin/../lib/gcc/arm-none-eabi/10.2.1/thumb/v6-m/nofp/crti.o
LOAD c:/program files (x86)/gnu arm embedded toolchain/10 2020-q4-major/bin/../lib/gcc/arm-none-eabi/10.2.1/thumb/v6-m/nofp/crtbegin.o
LOAD c:/program files (x86)/gnu arm embedded toolchain/10 2020-q4-major/bin/../lib/gcc/arm-none-eabi/10.2.1/../../../../arm-none-eabi/lib/thumb/v6-m/nofp/crt0.o
                0x00000400                STACK_SIZE = DEFINED (STACK_SIZE)?STACK_SIZE:DEFINED (__stack_size__)?__stack_size__:0x400

.text           0x00000000      0x998
                0x00000000                . = ALIGN (0x4)
                0x00000000                _sfixed = .
 *(.vectors .vectors.*)
 .vectors       0x00000000       0x8c sam0/utils/cmsis/samd10/source/gcc/startup_samd10.o
                0x00000000                exception_table
 *(.text .text.* .gnu.linkonce.t.*)
 .text          0x0000008c       0x48 c:/program files (x86)/gnu arm embedded toolchain/10 2020-q4-major/bin/../lib/gcc/arm-none-eabi/10.2.1/thumb/v6-m/nofp/crtbegin.o
 .text.cpu_irq_enter_critical
                0x000000d4       0x40 common/utils/interrupt/interrupt_sam_nvic.o
                0x000000d4                cpu_irq_enter_critical
 .text.cpu_irq_leave_critical
                0x00000114       0x30 common/utils/interrupt/interrupt_sam_nvic.o
                0x00000114                cpu_irq_leave_critical
 .text.SysTick_Handler
                0x00000144       0x10 sam0/applications/led_toggle/led_toggle.o
                0x00000144                SysTick_Handler
 .text.main     0x00000154       0x5c sam0/applications/led_toggle/led_toggle.o
                0x00000154                main
 .text.system_board_init
                0x000001b0       0x34 sam0/boards/samd10_xplained_mini/board_init.o
                0x000001b0                board_init
                0x000001b0                system_board_init
 .text.port_pin_set_config
                0x000001e4       0x20 sam0/drivers/port/port.o
                0x000001e4                port_pin_set_config
 .text.system_clock_source_get_hz
                0x00000204       0x94 sam0/drivers/system/clock/clock_samd09_d10_d11/clock.o
                0x00000204                system_clock_source_get_hz
 .text.system_clock_source_osc8m_set_config
                0x00000298       0x3c sam0/drivers/system/clock/clock_samd09_d10_d11/clock.o
                0x00000298                system_clock_source_osc8m_set_config
 .text.system_clock_source_enable
                0x000002d4       0xa8 sam0/drivers/system/clock/clock_samd09_d10_d11/clock.o
                0x000002d4                system_clock_source_enable
 .text.system_clock_init
                0x0000037c       0x80 sam0/drivers/system/clock/clock_samd09_d10_d11/clock.o
                0x0000037c                system_clock_init
 .text.system_gclk_init
                0x000003fc       0x24 sam0/drivers/system/clock/clock_samd09_d10_d11/gclk.o
                0x000003fc                system_gclk_init
 .text.system_gclk_gen_set_config
                0x00000420       0xac sam0/drivers/system/clock/clock_samd09_d10_d11/gclk.o
                0x00000420                system_gclk_gen_set_config
 .text.system_gclk_gen_enable
                0x000004cc       0x3c sam0/drivers/system/clock/clock_samd09_d10_d11/gclk.o
                0x000004cc                system_gclk_gen_enable
 .text.system_gclk_gen_get_hz
                0x00000508       0x7c sam0/drivers/system/clock/clock_samd09_d10_d11/gclk.o
                0x00000508                system_gclk_gen_get_hz
 .text.system_gclk_chan_disable
                0x00000584       0x54 sam0/drivers/system/clock/clock_samd09_d10_d11/gclk.o
                0x00000584                system_gclk_chan_disable
 .text.system_gclk_chan_set_config
                0x000005d8       0x18 sam0/drivers/system/clock/clock_samd09_d10_d11/gclk.o
                0x000005d8                system_gclk_chan_set_config
 .text.system_gclk_chan_get_hz
                0x000005f0       0x28 sam0/drivers/system/clock/clock_samd09_d10_d11/gclk.o
                0x000005f0                system_gclk_chan_get_hz
 .text._system_pinmux_config
                0x00000618       0xa8 sam0/drivers/system/pinmux/pinmux.o
 .text.system_pinmux_pin_set_config
                0x000006c0       0x2c sam0/drivers/system/pinmux/pinmux.o
                0x000006c0                system_pinmux_pin_set_config
 .text._system_dummy_init
                0x000006ec        0x2 sam0/drivers/system/system.o
                0x000006ec                _system_extint_init
                0x000006ec                _system_events_init
                0x000006ec                _system_dummy_init
                0x000006ec                _system_divas_init
 .text.system_init
                0x000006ee       0x18 sam0/drivers/system/system.o
                0x000006ee                system_init
 .text.Dummy_Handler
                0x00000706        0x2 sam0/utils/cmsis/samd10/source/gcc/startup_samd10.o
                0x00000706                DMAC_Handler
                0x00000706                HardFault_Handler
                0x00000706                TC2_Handler
                0x00000706                AC_Handler
                0x00000706                PendSV_Handler
                0x00000706                NMI_Handler
                0x00000706                SERCOM1_Handler
                0x00000706                ADC_Handler
                0x00000706                SERCOM2_Handler
                0x00000706                TCC0_Handler
                0x00000706                RTC_Handler
                0x00000706                EIC_Handler
                0x00000706                WDT_Handler
                0x00000706                TC1_Handler
                0x00000706                Dummy_Handler
                0x00000706                PM_Handler
                0x00000706                SVC_Handler
                0x00000706                EVSYS_Handler
                0x00000706                NVMCTRL_Handler
                0x00000706                SERCOM0_Handler
                0x00000706                DAC_Handler
                0x00000706                PTC_Handler
                0x00000706                SYSCTRL_Handler
 .text.Reset_Handler
                0x00000708       0xc8 sam0/utils/cmsis/samd10/source/gcc/startup_samd10.o
                0x00000708                Reset_Handler
 .text          0x000007d0      0x114 c:/program files (x86)/gnu arm embedded toolchain/10 2020-q4-major/bin/../lib/gcc/arm-none-eabi/10.2.1/thumb/v6-m/nofp\libgcc.a(_udivsi3.o)
                0x000007d0                __aeabi_uidiv
                0x000007d0                __udivsi3
                0x000008dc                __aeabi_uidivmod
 .text          0x000008e4        0x4 c:/program files (x86)/gnu arm embedded toolchain/10 2020-q4-major/bin/../lib/gcc/arm-none-eabi/10.2.1/thumb/v6-m/nofp\libgcc.a(_dvmd_tls.o)
                0x000008e4                __aeabi_idiv0
                0x000008e4                __aeabi_ldiv0
 .text.__libc_init_array
                0x000008e8       0x48 c:/program files (x86)/gnu arm embedded toolchain/10 2020-q4-major/bin/../lib/gcc/arm-none-eabi/10.2.1/../../../../arm-none-eabi/lib/thumb/v6-m/nofp\libc_nano.a(lib_a-init.o)
                0x000008e8                __libc_init_array
 *(.glue_7t)
 .glue_7t       0x00000930        0x0 linker stubs
 *(.glue_7)
 .glue_7        0x00000930        0x0 linker stubs
 *(.rodata .rodata* .gnu.linkonce.r.*)
 .rodata.system_clock_source_get_hz
                0x00000930       0x24 sam0/drivers/system/clock/clock_samd09_d10_d11/clock.o
 .rodata.system_clock_source_enable
                0x00000954       0x24 sam0/drivers/system/clock/clock_samd09_d10_d11/clock.o
 *(.ARM.extab* .gnu.linkonce.armextab.*)
                0x00000978                . = ALIGN (0x4)
 *(.init)
 .init          0x00000978        0x4 c:/program files (x86)/gnu arm embedded toolchain/10 2020-q4-major/bin/../lib/gcc/arm-none-eabi/10.2.1/thumb/v6-m/nofp/crti.o
                0x00000978                _init
 .init          0x0000097c        0x8 c:/program files (x86)/gnu arm embedded toolchain/10 2020-q4-major/bin/../lib/gcc/arm-none-eabi/10.2.1/thumb/v6-m/nofp/crtn.o
                0x00000984                . = ALIGN (0x4)
                0x00000984                __preinit_array_start = .
 *(.preinit_array)
                0x00000984                __preinit_array_end = .
                0x00000984                . = ALIGN (0x4)
                0x00000984                __init_array_start = .
 *(SORT_BY_NAME(.init_array.*))
 *(.init_array)
 .init_array    0x00000984        0x4 c:/program files (x86)/gnu arm embedded toolchain/10 2020-q4-major/bin/../lib/gcc/arm-none-eabi/10.2.1/thumb/v6-m/nofp/crtbegin.o
                0x00000988                __init_array_end = .
                0x00000988                . = ALIGN (0x4)
 *crtbegin.o(.ctors)
 *(EXCLUDE_FILE(*crtend.o) .ctors)
 *(SORT_BY_NAME(.ctors.*))
 *crtend.o(.ctors)
                0x00000988                . = ALIGN (0x4)
 *(.fini)
 .fini          0x00000988        0x4 c:/program files (x86)/gnu arm embedded toolchain/10 2020-q4-major/bin/../lib/gcc/arm-none-eabi/10.2.1/thumb/v6-m/nofp/crti.o
                0x00000988                _fini
 .fini          0x0000098c        0x8 c:/program files (x86)/gnu arm embedded toolchain/10 2020-q4-major/bin/../lib/gcc/arm-none-eabi/10.2.1/thumb/v6-m/nofp/crtn.o
                0x00000994                . = ALIGN (0x4)
                0x00000994                __fini_array_start = .
 *(.fini_array)
 .fini_array    0x00000994        0x4 c:/program files (x86)/gnu arm embedded toolchain/10 2020-q4-major/bin/../lib/gcc/arm-none-eabi/10.2.1/thumb/v6-m/nofp/crtbegin.o
 *(SORT_BY_NAME(.fini_array.*))
                0x00000998                __fini_array_end = .
 *crtbegin.o(.dtors)
 *(EXCLUDE_FILE(*crtend.o) .dtors)
 *(SORT_BY_NAME(.dtors.*))
 *crtend.o(.dtors)
                0x00000998                . = ALIGN (0x4)
                0x00000998                _efixed = .
                [!provide]                PROVIDE (__exidx_start = .)

.vfp11_veneer   0x00000998        0x0
 .vfp11_veneer  0x00000998        0x0 linker stubs

.v4_bx          0x00000998        0x0
 .v4_bx         0x00000998        0x0 linker stubs

.iplt           0x00000998        0x0
 .iplt          0x00000998        0x0 c:/program files (x86)/gnu arm embedded toolchain/10 2020-q4-major/bin/../lib/gcc/arm-none-eabi/10.2.1/thumb/v6-m/nofp/crtbegin.o

.igot.plt       0x00000998        0x0
 .igot.plt      0x00000998        0x0 c:/program files (x86)/gnu arm embedded toolchain/10 2020-q4-major/bin/../lib/gcc/arm-none-eabi/10.2.1/thumb/v6-m/nofp/crtbegin.o

.eh_frame       0x00000998        0x0
 .eh_frame      0x00000998        0x0 c:/program files (x86)/gnu arm embedded toolchain/10 2020-q4-major/bin/../lib/gcc/arm-none-eabi/10.2.1/thumb/v6-m/nofp/crtbegin.o

.rel.dyn        0x00000998        0x0
 .rel.iplt      0x00000998        0x0 c:/program files (x86)/gnu arm embedded toolchain/10 2020-q4-major/bin/../lib/gcc/arm-none-eabi/10.2.1/thumb/v6-m/nofp/crtbegin.o

.ARM.exidx
 *(.ARM.exidx* .gnu.linkonce.armexidx.*)
                [!provide]                PROVIDE (__exidx_end = .)
                0x00000998                . = ALIGN (0x4)
                0x00000998                _etext = .

.relocate       0x20000000        0x4 load address 0x00000998
                0x20000000                . = ALIGN (0x4)
                0x20000000                _srelocate = .
 *(.ramfunc .ramfunc.*)
 *(.data .data.*)
 .data.g_interrupt_enabled
                0x20000000        0x1 common/utils/interrupt/interrupt_sam_nvic.o
                0x20000000                g_interrupt_enabled
                0x20000004                . = ALIGN (0x4)
 *fill*         0x20000001        0x3 
                0x20000004                _erelocate = .

.bss            0x20000004       0x3c load address 0x0000099c
                0x20000004                . = ALIGN (0x4)
                0x20000004                _sbss = .
                0x20000004                _szero = .
 *(.bss .bss.*)
 .bss           0x20000004       0x1c c:/program files (x86)/gnu arm embedded toolchain/10 2020-q4-major/bin/../lib/gcc/arm-none-eabi/10.2.1/thumb/v6-m/nofp/crtbegin.o
 .bss.cpu_irq_critical_section_counter
                0x20000020        0x4 common/utils/interrupt/interrupt_sam_nvic.o
 .bss.cpu_irq_prev_interrupt_state
                0x20000024        0x1 common/utils/interrupt/interrupt_sam_nvic.o
 *fill*         0x20000025        0x3 
 .bss._system_clock_inst
                0x20000028       0x18 sam0/drivers/system/clock/clock_samd09_d10_d11/clock.o
 *(COMMON)
                0x20000040                . = ALIGN (0x4)
                0x20000040                _ebss = .
                0x20000040                _ezero = .

.stack          0x20000040      0x400 load address 0x000009d8
                0x20000040                . = ALIGN (0x8)
                0x20000040                _sstack = .
                0x20000440                . = (. + STACK_SIZE)
 *fill*         0x20000040      0x400 
                0x20000440                . = ALIGN (0x8)
                0x20000440                _estack = .
                0x20000440                . = ALIGN (0x4)
                0x20000440                _end = .
LOAD common/utils/interrupt/interrupt_sam_nvic.o
LOAD sam0/applications/led_toggle/led_toggle.o
LOAD sam0/boards/samd10_xplained_mini/board_init.o
LOAD sam0/drivers/port/port.o
LOAD sam0/drivers/system/clock/clock_samd09_d10_d11/clock.o
LOAD sam0/drivers/system/clock/clock_samd09_d10_d11/gclk.o
LOAD sam0/drivers/system/interrupt/system_interrupt.o
LOAD sam0/drivers/system/pinmux/pinmux.o
LOAD sam0/drivers/system/system.o
LOAD sam0/utils/cmsis/samd10/source/gcc/startup_samd10.o
LOAD sam0/utils/cmsis/samd10/source/system_samd10.o
LOAD sam0/utils/syscalls/gcc/syscalls.o
LOAD ../../../../../thirdparty/CMSIS/Lib/GCC\libarm_cortexM0l_math.a
LOAD c:/program files (x86)/gnu arm embedded toolchain/10 2020-q4-major/bin/../lib/gcc/arm-none-eabi/10.2.1/../../../../arm-none-eabi/lib/thumb/v6-m/nofp\libstdc++_nano.a
LOAD c:/program files (x86)/gnu arm embedded toolchain/10 2020-q4-major/bin/../lib/gcc/arm-none-eabi/10.2.1/../../../../arm-none-eabi/lib/thumb/v6-m/nofp\libm.a
START GROUP
LOAD c:/program files (x86)/gnu arm embedded toolchain/10 2020-q4-major/bin/../lib/gcc/arm-none-eabi/10.2.1/thumb/v6-m/nofp\libgcc.a
LOAD c:/program files (x86)/gnu arm embedded toolchain/10 2020-q4-major/bin/../lib/gcc/arm-none-eabi/10.2.1/../../../../arm-none-eabi/lib/thumb/v6-m/nofp\libc_nano.a
END GROUP
START GROUP
LOAD c:/program files (x86)/gnu arm embedded toolchain/10 2020-q4-major/bin/../lib/gcc/arm-none-eabi/10.2.1/thumb/v6-m/nofp\libgcc.a
LOAD c:/program files (x86)/gnu arm embedded toolchain/10 2020-q4-major/bin/../lib/gcc/arm-none-eabi/10.2.1/../../../../arm-none-eabi/lib/thumb/v6-m/nofp\libc_nano.a
END GROUP
LOAD c:/program files (x86)/gnu arm embedded toolchain/10 2020-q4-major/bin/../lib/gcc/arm-none-eabi/10.2.1/thumb/v6-m/nofp/crtend.o
LOAD c:/program files (x86)/gnu arm embedded toolchain/10 2020-q4-major/bin/../lib/gcc/arm-none-eabi/10.2.1/thumb/v6-m/nofp/crtn.o
OUTPUT(led_toggle_flash.elf elf32-littlearm)
LOAD linker stubs

.ARM.attributes
                0x00000000       0x28
 .ARM.attributes
                0x00000000       0x1e c:/program files (x86)/gnu arm embedded toolchain/10 2020-q4-major/bin/../lib/gcc/arm-none-eabi/10.2.1/thumb/v6-m/nofp/crti.o
 .ARM.attributes
                0x0000001e       0x2c c:/program files (x86)/gnu arm embedded toolchain/10 2020-q4-major/bin/../lib/gcc/arm-none-eabi/10.2.1/thumb/v6-m/nofp/crtbegin.o
 .ARM.attributes
                0x0000004a       0x2c common/utils/interrupt/interrupt_sam_nvic.o
 .ARM.attributes
                0x00000076       0x2c sam0/applications/led_toggle/led_toggle.o
 .ARM.attributes
                0x000000a2       0x2c sam0/boards/samd10_xplained_mini/board_init.o
 .ARM.attributes
                0x000000ce       0x2c sam0/drivers/port/port.o
 .ARM.attributes
                0x000000fa       0x2c sam0/drivers/system/clock/clock_samd09_d10_d11/clock.o
 .ARM.attributes
                0x00000126       0x2c sam0/drivers/system/clock/clock_samd09_d10_d11/gclk.o
 .ARM.attributes
                0x00000152       0x2c sam0/drivers/system/pinmux/pinmux.o
 .ARM.attributes
                0x0000017e       0x2c sam0/drivers/system/system.o
 .ARM.attributes
                0x000001aa       0x2c sam0/utils/cmsis/samd10/source/gcc/startup_samd10.o
 .ARM.attributes
                0x000001d6       0x1e c:/program files (x86)/gnu arm embedded toolchain/10 2020-q4-major/bin/../lib/gcc/arm-none-eabi/10.2.1/thumb/v6-m/nofp\libgcc.a(_udivsi3.o)
 .ARM.attributes
                0x000001f4       0x1e c:/program files (x86)/gnu arm embedded toolchain/10 2020-q4-major/bin/../lib/gcc/arm-none-eabi/10.2.1/thumb/v6-m/nofp\libgcc.a(_dvmd_tls.o)
 .ARM.attributes
                0x00000212       0x2c c:/program files (x86)/gnu arm embedded toolchain/10 2020-q4-major/bin/../lib/gcc/arm-none-eabi/10.2.1/../../../../arm-none-eabi/lib/thumb/v6-m/nofp\libc_nano.a(lib_a-init.o)
 .ARM.attributes
                0x0000023e       0x1e c:/program files (x86)/gnu arm embedded toolchain/10 2020-q4-major/bin/../lib/gcc/arm-none-eabi/10.2.1/thumb/v6-m/nofp/crtn.o

.comment        0x00000000       0x4d
 .comment       0x00000000       0x4d common/utils/interrupt/interrupt_sam_nvic.o
                                 0x4e (size before relaxing)
 .comment       0x0000004d       0x4e sam0/applications/led_toggle/led_toggle.o
 .comment       0x0000004d       0x4e sam0/boards/samd10_xplained_mini/board_init.o
 .comment       0x0000004d       0x4e sam0/drivers/port/port.o
 .comment       0x0000004d       0x4e sam0/drivers/system/clock/clock_samd09_d10_d11/clock.o
 .comment       0x0000004d       0x4e sam0/drivers/system/clock/clock_samd09_d10_d11/gclk.o
 .comment       0x0000004d       0x4e sam0/drivers/system/pinmux/pinmux.o
 .comment       0x0000004d       0x4e sam0/drivers/system/system.o
 .comment       0x0000004d       0x4e sam0/utils/cmsis/samd10/source/gcc/startup_samd10.o

.debug_info     0x00000000     0x8e86
 .debug_info    0x00000000      0x202 common/utils/interrupt/interrupt_sam_nvic.o
 .debug_info    0x00000202      0xe2f sam0/applications/led_toggle/led_toggle.o
 .debug_info    0x00001031      0x9c3 sam0/boards/samd10_xplained_mini/board_init.o
 .debug_info    0x000019f4      0x9d6 sam0/drivers/port/port.o
 .debug_info    0x000023ca     0x2daf sam0/drivers/system/clock/clock_samd09_d10_d11/clock.o
 .debug_info    0x00005179     0x1637 sam0/drivers/system/clock/clock_samd09_d10_d11/gclk.o
 .debug_info    0x000067b0      0xb36 sam0/drivers/system/pinmux/pinmux.o
 .debug_info    0x000072e6      0x145 sam0/drivers/system/system.o
 .debug_info    0x0000742b     0x1a5b sam0/utils/cmsis/samd10/source/gcc/startup_samd10.o

.debug_abbrev   0x00000000     0x1695
 .debug_abbrev  0x00000000      0x130 common/utils/interrupt/interrupt_sam_nvic.o
 .debug_abbrev  0x00000130      0x30f sam0/applications/led_toggle/led_toggle.o
 .debug_abbrev  0x0000043f      0x264 sam0/boards/samd10_xplained_mini/board_init.o
 .debug_abbrev  0x000006a3      0x215 sam0/drivers/port/port.o
 .debug_abbrev  0x000008b8      0x442 sam0/drivers/system/clock/clock_samd09_d10_d11/clock.o
 .debug_abbrev  0x00000cfa      0x3ca sam0/drivers/system/clock/clock_samd09_d10_d11/gclk.o
 .debug_abbrev  0x000010c4      0x2cc sam0/drivers/system/pinmux/pinmux.o
 .debug_abbrev  0x00001390       0xb1 sam0/drivers/system/system.o
 .debug_abbrev  0x00001441      0x254 sam0/utils/cmsis/samd10/source/gcc/startup_samd10.o

.debug_loc      0x00000000     0x1c04
 .debug_loc     0x00000000       0x15 common/utils/interrupt/interrupt_sam_nvic.o
 .debug_loc     0x00000015       0xf9 sam0/applications/led_toggle/led_toggle.o
 .debug_loc     0x0000010e       0x68 sam0/boards/samd10_xplained_mini/board_init.o
 .debug_loc     0x00000176      0x11b sam0/drivers/port/port.o
 .debug_loc     0x00000291     0x111c sam0/drivers/system/clock/clock_samd09_d10_d11/clock.o
 .debug_loc     0x000013ad      0x3c3 sam0/drivers/system/clock/clock_samd09_d10_d11/gclk.o
 .debug_loc     0x00001770      0x463 sam0/drivers/system/pinmux/pinmux.o
 .debug_loc     0x00001bd3       0x31 sam0/utils/cmsis/samd10/source/gcc/startup_samd10.o

.debug_aranges  0x00000000      0x220
 .debug_aranges
                0x00000000       0x28 common/utils/interrupt/interrupt_sam_nvic.o
 .debug_aranges
                0x00000028       0x28 sam0/applications/led_toggle/led_toggle.o
 .debug_aranges
                0x00000050       0x20 sam0/boards/samd10_xplained_mini/board_init.o
 .debug_aranges
                0x00000070       0x28 sam0/drivers/port/port.o
 .debug_aranges
                0x00000098       0x78 sam0/drivers/system/clock/clock_samd09_d10_d11/clock.o
 .debug_aranges
                0x00000110       0x80 sam0/drivers/system/clock/clock_samd09_d10_d11/gclk.o
 .debug_aranges
                0x00000190       0x40 sam0/drivers/system/pinmux/pinmux.o
 .debug_aranges
                0x000001d0       0x28 sam0/drivers/system/system.o
 .debug_aranges
                0x000001f8       0x28 sam0/utils/cmsis/samd10/source/gcc/startup_samd10.o

.debug_ranges   0x00000000      0x310
 .debug_ranges  0x00000000       0x18 common/utils/interrupt/interrupt_sam_nvic.o
 .debug_ranges  0x00000018       0x60 sam0/applications/led_toggle/led_toggle.o
 .debug_ranges  0x00000078       0x28 sam0/boards/samd10_xplained_mini/board_init.o
 .debug_ranges  0x000000a0       0x18 sam0/drivers/port/port.o
 .debug_ranges  0x000000b8       0x80 sam0/drivers/system/clock/clock_samd09_d10_d11/clock.o
 .debug_ranges  0x00000138      0x160 sam0/drivers/system/clock/clock_samd09_d10_d11/gclk.o
 .debug_ranges  0x00000298       0x48 sam0/drivers/system/pinmux/pinmux.o
 .debug_ranges  0x000002e0       0x18 sam0/drivers/system/system.o
 .debug_ranges  0x000002f8       0x18 sam0/utils/cmsis/samd10/source/gcc/startup_samd10.o

.debug_macro    0x00000000    0x12e3f
 .debug_macro   0x00000000      0x4ae common/utils/interrupt/interrupt_sam_nvic.o
 .debug_macro   0x000004ae      0xa5a common/utils/interrupt/interrupt_sam_nvic.o
 .debug_macro   0x00000f08      0x16d common/utils/interrupt/interrupt_sam_nvic.o
 .debug_macro   0x00001075      0x71d common/utils/interrupt/interrupt_sam_nvic.o
 .debug_macro   0x00001792       0x22 common/utils/interrupt/interrupt_sam_nvic.o
 .debug_macro   0x000017b4       0x8e common/utils/interrupt/interrupt_sam_nvic.o
 .debug_macro   0x00001842       0x51 common/utils/interrupt/interrupt_sam_nvic.o
 .debug_macro   0x00001893      0x103 common/utils/interrupt/interrupt_sam_nvic.o
 .debug_macro   0x00001996       0x6a common/utils/interrupt/interrupt_sam_nvic.o
 .debug_macro   0x00001a00      0x1df common/utils/interrupt/interrupt_sam_nvic.o
 .debug_macro   0x00001bdf       0x10 common/utils/interrupt/interrupt_sam_nvic.o
 .debug_macro   0x00001bef       0x76 common/utils/interrupt/interrupt_sam_nvic.o
 .debug_macro   0x00001c65       0x16 common/utils/interrupt/interrupt_sam_nvic.o
 .debug_macro   0x00001c7b      0x6db common/utils/interrupt/interrupt_sam_nvic.o
 .debug_macro   0x00002356      0xdd8 common/utils/interrupt/interrupt_sam_nvic.o
 .debug_macro   0x0000312e       0x22 common/utils/interrupt/interrupt_sam_nvic.o
 .debug_macro   0x00003150       0x40 common/utils/interrupt/interrupt_sam_nvic.o
 .debug_macro   0x00003190       0x1c common/utils/interrupt/interrupt_sam_nvic.o
 .debug_macro   0x000031ac       0x22 common/utils/interrupt/interrupt_sam_nvic.o
 .debug_macro   0x000031ce       0xaf common/utils/interrupt/interrupt_sam_nvic.o
 .debug_macro   0x0000327d      0x3ad common/utils/interrupt/interrupt_sam_nvic.o
 .debug_macro   0x0000362a      0x682 common/utils/interrupt/interrupt_sam_nvic.o
 .debug_macro   0x00003cac      0x8b8 common/utils/interrupt/interrupt_sam_nvic.o
 .debug_macro   0x00004564      0x233 common/utils/interrupt/interrupt_sam_nvic.o
 .debug_macro   0x00004797      0xbd4 common/utils/interrupt/interrupt_sam_nvic.o
 .debug_macro   0x0000536b      0x5b8 common/utils/interrupt/interrupt_sam_nvic.o
 .debug_macro   0x00005923      0x7c8 common/utils/interrupt/interrupt_sam_nvic.o
 .debug_macro   0x000060eb      0x4e3 common/utils/interrupt/interrupt_sam_nvic.o
 .debug_macro   0x000065ce      0x3a2 common/utils/interrupt/interrupt_sam_nvic.o
 .debug_macro   0x00006970      0x190 common/utils/interrupt/interrupt_sam_nvic.o
 .debug_macro   0x00006b00      0x21f common/utils/interrupt/interrupt_sam_nvic.o
 .debug_macro   0x00006d1f      0x73c common/utils/interrupt/interrupt_sam_nvic.o
 .debug_macro   0x0000745b       0x5e common/utils/interrupt/interrupt_sam_nvic.o
 .debug_macro   0x000074b9      0x60e common/utils/interrupt/interrupt_sam_nvic.o
 .debug_macro   0x00007ac7      0x3b6 common/utils/interrupt/interrupt_sam_nvic.o
 .debug_macro   0x00007e7d      0xc53 common/utils/interrupt/interrupt_sam_nvic.o
 .debug_macro   0x00008ad0     0x1092 common/utils/interrupt/interrupt_sam_nvic.o
 .debug_macro   0x00009b62      0xc19 common/utils/interrupt/interrupt_sam_nvic.o
 .debug_macro   0x0000a77b      0x6ba common/utils/interrupt/interrupt_sam_nvic.o
 .debug_macro   0x0000ae35     0x1b8a common/utils/interrupt/interrupt_sam_nvic.o
 .debug_macro   0x0000c9bf      0x347 common/utils/interrupt/interrupt_sam_nvic.o
 .debug_macro   0x0000cd06       0x7c common/utils/interrupt/interrupt_sam_nvic.o
 .debug_macro   0x0000cd82       0xa0 common/utils/interrupt/interrupt_sam_nvic.o
 .debug_macro   0x0000ce22       0x4c common/utils/interrupt/interrupt_sam_nvic.o
 .debug_macro   0x0000ce6e       0xca common/utils/interrupt/interrupt_sam_nvic.o
 .debug_macro   0x0000cf38       0xbe common/utils/interrupt/interrupt_sam_nvic.o
 .debug_macro   0x0000cff6       0x58 common/utils/interrupt/interrupt_sam_nvic.o
 .debug_macro   0x0000d04e      0x21d common/utils/interrupt/interrupt_sam_nvic.o
 .debug_macro   0x0000d26b       0x82 common/utils/interrupt/interrupt_sam_nvic.o
 .debug_macro   0x0000d2ed      0x190 common/utils/interrupt/interrupt_sam_nvic.o
 .debug_macro   0x0000d47d       0xa0 common/utils/interrupt/interrupt_sam_nvic.o
 .debug_macro   0x0000d51d       0xc4 common/utils/interrupt/interrupt_sam_nvic.o
 .debug_macro   0x0000d5e1       0x1c common/utils/interrupt/interrupt_sam_nvic.o
 .debug_macro   0x0000d5fd       0x1c common/utils/interrupt/interrupt_sam_nvic.o
 .debug_macro   0x0000d619       0x1c common/utils/interrupt/interrupt_sam_nvic.o
 .debug_macro   0x0000d635       0x82 common/utils/interrupt/interrupt_sam_nvic.o
 .debug_macro   0x0000d6b7      0x112 common/utils/interrupt/interrupt_sam_nvic.o
 .debug_macro   0x0000d7c9       0xdc common/utils/interrupt/interrupt_sam_nvic.o
 .debug_macro   0x0000d8a5      0x129 common/utils/interrupt/interrupt_sam_nvic.o
 .debug_macro   0x0000d9ce      0x129 common/utils/interrupt/interrupt_sam_nvic.o
 .debug_macro   0x0000daf7      0x129 common/utils/interrupt/interrupt_sam_nvic.o
 .debug_macro   0x0000dc20      0x11e common/utils/interrupt/interrupt_sam_nvic.o
 .debug_macro   0x0000dd3e       0xe2 common/utils/interrupt/interrupt_sam_nvic.o
 .debug_macro   0x0000de20       0xe2 common/utils/interrupt/interrupt_sam_nvic.o
 .debug_macro   0x0000df02      0x12a common/utils/interrupt/interrupt_sam_nvic.o
 .debug_macro   0x0000e02c       0x40 common/utils/interrupt/interrupt_sam_nvic.o
 .debug_macro   0x0000e06c      0x2d5 common/utils/interrupt/interrupt_sam_nvic.o
 .debug_macro   0x0000e341      0xf20 common/utils/interrupt/interrupt_sam_nvic.o
 .debug_macro   0x0000f261       0x5f common/utils/interrupt/interrupt_sam_nvic.o
 .debug_macro   0x0000f2c0       0x64 common/utils/interrupt/interrupt_sam_nvic.o
 .debug_macro   0x0000f324       0x18 common/utils/interrupt/interrupt_sam_nvic.o
 .debug_macro   0x0000f33c       0x35 common/utils/interrupt/interrupt_sam_nvic.o
 .debug_macro   0x0000f371       0x34 common/utils/interrupt/interrupt_sam_nvic.o
 .debug_macro   0x0000f3a5       0x16 common/utils/interrupt/interrupt_sam_nvic.o
 .debug_macro   0x0000f3bb       0x35 common/utils/interrupt/interrupt_sam_nvic.o
 .debug_macro   0x0000f3f0      0x356 common/utils/interrupt/interrupt_sam_nvic.o
 .debug_macro   0x0000f746       0x10 common/utils/interrupt/interrupt_sam_nvic.o
 .debug_macro   0x0000f756       0x16 common/utils/interrupt/interrupt_sam_nvic.o
 .debug_macro   0x0000f76c       0x43 common/utils/interrupt/interrupt_sam_nvic.o
 .debug_macro   0x0000f7af       0x34 common/utils/interrupt/interrupt_sam_nvic.o
 .debug_macro   0x0000f7e3       0x10 common/utils/interrupt/interrupt_sam_nvic.o
 .debug_macro   0x0000f7f3       0x58 common/utils/interrupt/interrupt_sam_nvic.o
 .debug_macro   0x0000f84b      0x182 common/utils/interrupt/interrupt_sam_nvic.o
 .debug_macro   0x0000f9cd       0x10 common/utils/interrupt/interrupt_sam_nvic.o
 .debug_macro   0x0000f9dd       0x1c common/utils/interrupt/interrupt_sam_nvic.o
 .debug_macro   0x0000f9f9       0x52 common/utils/interrupt/interrupt_sam_nvic.o
 .debug_macro   0x0000fa4b       0x22 common/utils/interrupt/interrupt_sam_nvic.o
 .debug_macro   0x0000fa6d       0x10 common/utils/interrupt/interrupt_sam_nvic.o
 .debug_macro   0x0000fa7d       0x40 common/utils/interrupt/interrupt_sam_nvic.o
 .debug_macro   0x0000fabd       0xd5 common/utils/interrupt/interrupt_sam_nvic.o
 .debug_macro   0x0000fb92       0x1c common/utils/interrupt/interrupt_sam_nvic.o
 .debug_macro   0x0000fbae       0x3d common/utils/interrupt/interrupt_sam_nvic.o
 .debug_macro   0x0000fbeb       0x16 common/utils/interrupt/interrupt_sam_nvic.o
 .debug_macro   0x0000fc01      0x16f common/utils/interrupt/interrupt_sam_nvic.o
 .debug_macro   0x0000fd70       0x16 common/utils/interrupt/interrupt_sam_nvic.o
 .debug_macro   0x0000fd86       0x16 common/utils/interrupt/interrupt_sam_nvic.o
 .debug_macro   0x0000fd9c       0x29 common/utils/interrupt/interrupt_sam_nvic.o
 .debug_macro   0x0000fdc5       0x51 common/utils/interrupt/interrupt_sam_nvic.o
 .debug_macro   0x0000fe16      0x3df common/utils/interrupt/interrupt_sam_nvic.o
 .debug_macro   0x000101f5       0x3e common/utils/interrupt/interrupt_sam_nvic.o
 .debug_macro   0x00010233      0x549 sam0/applications/led_toggle/led_toggle.o
 .debug_macro   0x0001077c      0x2df sam0/applications/led_toggle/led_toggle.o
 .debug_macro   0x00010a5b      0x112 sam0/applications/led_toggle/led_toggle.o
 .debug_macro   0x00010b6d       0x18 sam0/applications/led_toggle/led_toggle.o
 .debug_macro   0x00010b85       0x11 sam0/applications/led_toggle/led_toggle.o
 .debug_macro   0x00010b96       0x16 sam0/applications/led_toggle/led_toggle.o
 .debug_macro   0x00010bac       0x2e sam0/applications/led_toggle/led_toggle.o
 .debug_macro   0x00010bda      0x4ec sam0/boards/samd10_xplained_mini/board_init.o
 .debug_macro   0x000110c6      0x4ca sam0/drivers/port/port.o
 .debug_macro   0x00011590      0x513 sam0/drivers/system/clock/clock_samd09_d10_d11/clock.o
 .debug_macro   0x00011aa3      0x22f sam0/drivers/system/clock/clock_samd09_d10_d11/clock.o
 .debug_macro   0x00011cd2      0x4e4 sam0/drivers/system/clock/clock_samd09_d10_d11/gclk.o
 .debug_macro   0x000121b6      0x4be sam0/drivers/system/pinmux/pinmux.o
 .debug_macro   0x00012674       0x12 sam0/drivers/system/pinmux/pinmux.o
 .debug_macro   0x00012686      0x4f1 sam0/drivers/system/system.o
 .debug_macro   0x00012b77      0x28e sam0/utils/cmsis/samd10/source/gcc/startup_samd10.o
 .debug_macro   0x00012e05       0x3a sam0/utils/cmsis/samd10/source/gcc/startup_samd10.o

.debug_line     0x00000000     0x67f1
 .debug_line    0x00000000      0x90a common/utils/interrupt/interrupt_sam_nvic.o
 .debug_line    0x0000090a      0xcf6 sam0/applications/led_toggle/led_toggle.o
 .debug_line    0x00001600      0x9e2 sam0/boards/samd10_xplained_mini/board_init.o
 .debug_line    0x00001fe2      0x93c sam0/drivers/port/port.o
 .debug_line    0x0000291e     0x120c sam0/drivers/system/clock/clock_samd09_d10_d11/clock.o
 .debug_line    0x00003b2a     0x118d sam0/drivers/system/clock/clock_samd09_d10_d11/gclk.o
 .debug_line    0x00004cb7      0xace sam0/drivers/system/pinmux/pinmux.o
 .debug_line    0x00005785      0x9de sam0/drivers/system/system.o
 .debug_line    0x00006163      0x68e sam0/utils/cmsis/samd10/source/gcc/startup_samd10.o

.debug_str      0x00000000    0x6ccd2
 .debug_str     0x00000000    0x67da2 common/utils/interrupt/interrupt_sam_nvic.o
                              0x68206 (size before relaxing)
 .debug_str     0x00067da2     0x16e0 sam0/applications/led_toggle/led_toggle.o
                              0x698ba (size before relaxing)
 .debug_str     0x00069482       0x4f sam0/boards/samd10_xplained_mini/board_init.o
                              0x69399 (size before relaxing)
 .debug_str     0x000694d1      0x191 sam0/drivers/port/port.o
                              0x68609 (size before relaxing)
 .debug_str     0x00069662     0x2a73 sam0/drivers/system/clock/clock_samd09_d10_d11/clock.o
                              0x6b054 (size before relaxing)
 .debug_str     0x0006c0d5      0x275 sam0/drivers/system/clock/clock_samd09_d10_d11/gclk.o
                              0x68e56 (size before relaxing)
 .debug_str     0x0006c34a      0x17d sam0/drivers/system/pinmux/pinmux.o
                              0x68694 (size before relaxing)
 .debug_str     0x0006c4c7       0x3f sam0/drivers/system/system.o
                              0x682cf (size before relaxing)
 .debug_str     0x0006c506      0x7cc sam0/utils/cmsis/samd10/source/gcc/startup_samd10.o
                              0x53047 (size before relaxing)

.debug_frame    0x00000000      0x4cc
 .debug_frame   0x00000000       0x30 common/utils/interrupt/interrupt_sam_nvic.o
 .debug_frame   0x00000030       0x38 sam0/applications/led_toggle/led_toggle.o
 .debug_frame   0x00000068       0x30 sam0/boards/samd10_xplained_mini/board_init.o
 .debug_frame   0x00000098       0x44 sam0/drivers/port/port.o
 .debug_frame   0x000000dc      0x150 sam0/drivers/system/clock/clock_samd09_d10_d11/clock.o
 .debug_frame   0x0000022c      0x148 sam0/drivers/system/clock/clock_samd09_d10_d11/gclk.o
 .debug_frame   0x00000374       0x9c sam0/drivers/system/pinmux/pinmux.o
 .debug_frame   0x00000410       0x38 sam0/drivers/system/system.o
 .debug_frame   0x00000448       0x38 sam0/utils/cmsis/samd10/source/gcc/startup_samd10.o
 .debug_frame   0x00000480       0x20 c:/program files (x86)/gnu arm embedded toolchain/10 2020-q4-major/bin/../lib/gcc/arm-none-eabi/10.2.1/thumb/v6-m/nofp\libgcc.a(_udivsi3.o)
 .debug_frame   0x000004a0       0x2c c:/program files (x86)/gnu arm embedded toolchain/10 2020-q4-major/bin/../lib/gcc/arm-none-eabi/10.2.1/../../../../arm-none-eabi/lib/thumb/v6-m/nofp\libc_nano.a(lib_a-init.o)

Cross Reference Table

Symbol                                            File
AC_Handler                                        sam0/utils/cmsis/samd10/source/gcc/startup_samd10.o
ADC_Handler                                       sam0/utils/cmsis/samd10/source/gcc/startup_samd10.o
DAC_Handler                                       sam0/utils/cmsis/samd10/source/gcc/startup_samd10.o
DMAC_Handler                                      sam0/utils/cmsis/samd10/source/gcc/startup_samd10.o
Dummy_Handler                                     sam0/utils/cmsis/samd10/source/gcc/startup_samd10.o
EIC_Handler                                       sam0/utils/cmsis/samd10/source/gcc/startup_samd10.o
EVSYS_Handler                                     sam0/utils/cmsis/samd10/source/gcc/startup_samd10.o
HardFault_Handler                                 sam0/utils/cmsis/samd10/source/gcc/startup_samd10.o
NMI_Handler                                       sam0/utils/cmsis/samd10/source/gcc/startup_samd10.o
NVMCTRL_Handler                                   sam0/utils/cmsis/samd10/source/gcc/startup_samd10.o
PM_Handler                                        sam0/utils/cmsis/samd10/source/gcc/startup_samd10.o
PTC_Handler                                       sam0/utils/cmsis/samd10/source/gcc/startup_samd10.o
PendSV_Handler                                    sam0/utils/cmsis/samd10/source/gcc/startup_samd10.o
RTC_Handler                                       sam0/utils/cmsis/samd10/source/gcc/startup_samd10.o
Reset_Handler                                     sam0/utils/cmsis/samd10/source/gcc/startup_samd10.o
SERCOM0_Handler                                   sam0/utils/cmsis/samd10/source/gcc/startup_samd10.o
SERCOM1_Handler                                   sam0/utils/cmsis/samd10/source/gcc/startup_samd10.o
SERCOM2_Handler                                   sam0/utils/cmsis/samd10/source/gcc/startup_samd10.o
SVC_Handler                                       sam0/utils/cmsis/samd10/source/gcc/startup_samd10.o
SYSCTRL_Handler                                   sam0/utils/cmsis/samd10/source/gcc/startup_samd10.o
SysTick_Handler                                   sam0/applications/led_toggle/led_toggle.o
SystemCoreClock                                   sam0/utils/cmsis/samd10/source/system_samd10.o
SystemCoreClockUpdate                             sam0/utils/cmsis/samd10/source/system_samd10.o
SystemInit                                        sam0/utils/cmsis/samd10/source/system_samd10.o
TC1_Handler                                       sam0/utils/cmsis/samd10/source/gcc/startup_samd10.o
TC2_Handler                                       sam0/utils/cmsis/samd10/source/gcc/startup_samd10.o
TCC0_Handler                                      sam0/utils/cmsis/samd10/source/gcc/startup_samd10.o
WDT_Handler                                       sam0/utils/cmsis/samd10/source/gcc/startup_samd10.o
__aeabi_idiv0                                     c:/program files (x86)/gnu arm embedded toolchain/10 2020-q4-major/bin/../lib/gcc/arm-none-eabi/10.2.1/thumb/v6-m/nofp\libgcc.a(_dvmd_tls.o)
                                                  c:/program files (x86)/gnu arm embedded toolchain/10 2020-q4-major/bin/../lib/gcc/arm-none-eabi/10.2.1/thumb/v6-m/nofp\libgcc.a(_udivsi3.o)
__aeabi_ldiv0                                     c:/program files (x86)/gnu arm embedded toolchain/10 2020-q4-major/bin/../lib/gcc/arm-none-eabi/10.2.1/thumb/v6-m/nofp\libgcc.a(_dvmd_tls.o)
__aeabi_uidiv                                     c:/program files (x86)/gnu arm embedded toolchain/10 2020-q4-major/bin/../lib/gcc/arm-none-eabi/10.2.1/thumb/v6-m/nofp\libgcc.a(_udivsi3.o)
                                                  sam0/drivers/system/clock/clock_samd09_d10_d11/gclk.o
                                                  sam0/drivers/system/clock/clock_samd09_d10_d11/clock.o
__aeabi_uidivmod                                  c:/program files (x86)/gnu arm embedded toolchain/10 2020-q4-major/bin/../lib/gcc/arm-none-eabi/10.2.1/thumb/v6-m/nofp\libgcc.a(_udivsi3.o)
__bss_end__                                       c:/program files (x86)/gnu arm embedded toolchain/10 2020-q4-major/bin/../lib/gcc/arm-none-eabi/10.2.1/../../../../arm-none-eabi/lib/thumb/v6-m/nofp/crt0.o
__bss_start__                                     c:/program files (x86)/gnu arm embedded toolchain/10 2020-q4-major/bin/../lib/gcc/arm-none-eabi/10.2.1/../../../../arm-none-eabi/lib/thumb/v6-m/nofp/crt0.o
__call_exitprocs                                  c:/program files (x86)/gnu arm embedded toolchain/10 2020-q4-major/bin/../lib/gcc/arm-none-eabi/10.2.1/../../../../arm-none-eabi/lib/thumb/v6-m/nofp\libc_nano.a(lib_a-exit.o)
__deregister_frame_info                           c:/program files (x86)/gnu arm embedded toolchain/10 2020-q4-major/bin/../lib/gcc/arm-none-eabi/10.2.1/thumb/v6-m/nofp/crtbegin.o
__dso_handle                                      c:/program files (x86)/gnu arm embedded toolchain/10 2020-q4-major/bin/../lib/gcc/arm-none-eabi/10.2.1/thumb/v6-m/nofp/crtbegin.o
__init_array_end                                  c:/program files (x86)/gnu arm embedded toolchain/10 2020-q4-major/bin/../lib/gcc/arm-none-eabi/10.2.1/../../../../arm-none-eabi/lib/thumb/v6-m/nofp\libc_nano.a(lib_a-init.o)
__init_array_start                                c:/program files (x86)/gnu arm embedded toolchain/10 2020-q4-major/bin/../lib/gcc/arm-none-eabi/10.2.1/../../../../arm-none-eabi/lib/thumb/v6-m/nofp\libc_nano.a(lib_a-init.o)
__libc_fini_array                                 c:/program files (x86)/gnu arm embedded toolchain/10 2020-q4-major/bin/../lib/gcc/arm-none-eabi/10.2.1/../../../../arm-none-eabi/lib/thumb/v6-m/nofp/crt0.o
__libc_init_array                                 c:/program files (x86)/gnu arm embedded toolchain/10 2020-q4-major/bin/../lib/gcc/arm-none-eabi/10.2.1/../../../../arm-none-eabi/lib/thumb/v6-m/nofp\libc_nano.a(lib_a-init.o)
                                                  sam0/utils/cmsis/samd10/source/gcc/startup_samd10.o
                                                  c:/program files (x86)/gnu arm embedded toolchain/10 2020-q4-major/bin/../lib/gcc/arm-none-eabi/10.2.1/../../../../arm-none-eabi/lib/thumb/v6-m/nofp/crt0.o
__preinit_array_end                               c:/program files (x86)/gnu arm embedded toolchain/10 2020-q4-major/bin/../lib/gcc/arm-none-eabi/10.2.1/../../../../arm-none-eabi/lib/thumb/v6-m/nofp\libc_nano.a(lib_a-init.o)
__preinit_array_start                             c:/program files (x86)/gnu arm embedded toolchain/10 2020-q4-major/bin/../lib/gcc/arm-none-eabi/10.2.1/../../../../arm-none-eabi/lib/thumb/v6-m/nofp\libc_nano.a(lib_a-init.o)
__register_frame_info                             c:/program files (x86)/gnu arm embedded toolchain/10 2020-q4-major/bin/../lib/gcc/arm-none-eabi/10.2.1/thumb/v6-m/nofp/crtbegin.o
__sf_fake_stderr                                  c:/program files (x86)/gnu arm embedded toolchain/10 2020-q4-major/bin/../lib/gcc/arm-none-eabi/10.2.1/../../../../arm-none-eabi/lib/thumb/v6-m/nofp\libc_nano.a(lib_a-impure.o)
__sf_fake_stdin                                   c:/program files (x86)/gnu arm embedded toolchain/10 2020-q4-major/bin/../lib/gcc/arm-none-eabi/10.2.1/../../../../arm-none-eabi/lib/thumb/v6-m/nofp\libc_nano.a(lib_a-impure.o)
__sf_fake_stdout                                  c:/program files (x86)/gnu arm embedded toolchain/10 2020-q4-major/bin/../lib/gcc/arm-none-eabi/10.2.1/../../../../arm-none-eabi/lib/thumb/v6-m/nofp\libc_nano.a(lib_a-impure.o)
__stack                                           c:/program files (x86)/gnu arm embedded toolchain/10 2020-q4-major/bin/../lib/gcc/arm-none-eabi/10.2.1/../../../../arm-none-eabi/lib/thumb/v6-m/nofp/crt0.o
__udivsi3                                         c:/program files (x86)/gnu arm embedded toolchain/10 2020-q4-major/bin/../lib/gcc/arm-none-eabi/10.2.1/thumb/v6-m/nofp\libgcc.a(_udivsi3.o)
_close                                            sam0/utils/syscalls/gcc/syscalls.o
_end                                              sam0/utils/syscalls/gcc/syscalls.o
_erelocate                                        sam0/utils/cmsis/samd10/source/gcc/startup_samd10.o
_estack                                           sam0/utils/cmsis/samd10/source/gcc/startup_samd10.o
_etext                                            sam0/utils/cmsis/samd10/source/gcc/startup_samd10.o
_exit                                             sam0/utils/syscalls/gcc/syscalls.o
                                                  c:/program files (x86)/gnu arm embedded toolchain/10 2020-q4-major/bin/../lib/gcc/arm-none-eabi/10.2.1/../../../../arm-none-eabi/lib/thumb/v6-m/nofp\libc_nano.a(lib_a-exit.o)
_ezero                                            sam0/utils/cmsis/samd10/source/gcc/startup_samd10.o
_fini                                             c:/program files (x86)/gnu arm embedded toolchain/10 2020-q4-major/bin/../lib/gcc/arm-none-eabi/10.2.1/thumb/v6-m/nofp/crti.o
_fstat                                            sam0/utils/syscalls/gcc/syscalls.o
_getpid                                           sam0/utils/syscalls/gcc/syscalls.o
_global_impure_ptr                                c:/program files (x86)/gnu arm embedded toolchain/10 2020-q4-major/bin/../lib/gcc/arm-none-eabi/10.2.1/../../../../arm-none-eabi/lib/thumb/v6-m/nofp\libc_nano.a(lib_a-impure.o)
                                                  c:/program files (x86)/gnu arm embedded toolchain/10 2020-q4-major/bin/../lib/gcc/arm-none-eabi/10.2.1/../../../../arm-none-eabi/lib/thumb/v6-m/nofp\libc_nano.a(lib_a-exit.o)
_impure_ptr                                       c:/program files (x86)/gnu arm embedded toolchain/10 2020-q4-major/bin/../lib/gcc/arm-none-eabi/10.2.1/../../../../arm-none-eabi/lib/thumb/v6-m/nofp\libc_nano.a(lib_a-impure.o)
_init                                             c:/program files (x86)/gnu arm embedded toolchain/10 2020-q4-major/bin/../lib/gcc/arm-none-eabi/10.2.1/thumb/v6-m/nofp/crti.o
                                                  c:/program files (x86)/gnu arm embedded toolchain/10 2020-q4-major/bin/../lib/gcc/arm-none-eabi/10.2.1/../../../../arm-none-eabi/lib/thumb/v6-m/nofp\libc_nano.a(lib_a-init.o)
_isatty                                           sam0/utils/syscalls/gcc/syscalls.o
_kill                                             sam0/utils/syscalls/gcc/syscalls.o
_lseek                                            sam0/utils/syscalls/gcc/syscalls.o
_mainCRTStartup                                   c:/program files (x86)/gnu arm embedded toolchain/10 2020-q4-major/bin/../lib/gcc/arm-none-eabi/10.2.1/../../../../arm-none-eabi/lib/thumb/v6-m/nofp/crt0.o
_sbrk                                             sam0/utils/syscalls/gcc/syscalls.o
_sfixed                                           sam0/utils/cmsis/samd10/source/gcc/startup_samd10.o
_srelocate                                        sam0/utils/cmsis/samd10/source/gcc/startup_samd10.o
_stack_init                                       c:/program files (x86)/gnu arm embedded toolchain/10 2020-q4-major/bin/../lib/gcc/arm-none-eabi/10.2.1/../../../../arm-none-eabi/lib/thumb/v6-m/nofp/crt0.o
_start                                            c:/program files (x86)/gnu arm embedded toolchain/10 2020-q4-major/bin/../lib/gcc/arm-none-eabi/10.2.1/../../../../arm-none-eabi/lib/thumb/v6-m/nofp/crt0.o
_system_divas_init                                sam0/drivers/system/system.o
_system_dummy_init                                sam0/drivers/system/system.o
_system_events_init                               sam0/drivers/system/system.o
_system_extint_init                               sam0/drivers/system/system.o
_szero                                            sam0/utils/cmsis/samd10/source/gcc/startup_samd10.o
atexit                                            c:/program files (x86)/gnu arm embedded toolchain/10 2020-q4-major/bin/../lib/gcc/arm-none-eabi/10.2.1/../../../../arm-none-eabi/lib/thumb/v6-m/nofp/crt0.o
board_init                                        sam0/boards/samd10_xplained_mini/board_init.o
cpu_irq_enter_critical                            common/utils/interrupt/interrupt_sam_nvic.o
                                                  sam0/drivers/system/clock/clock_samd09_d10_d11/gclk.o
cpu_irq_leave_critical                            common/utils/interrupt/interrupt_sam_nvic.o
                                                  sam0/drivers/system/clock/clock_samd09_d10_d11/gclk.o
exception_table                                   sam0/utils/cmsis/samd10/source/gcc/startup_samd10.o
exit                                              c:/program files (x86)/gnu arm embedded toolchain/10 2020-q4-major/bin/../lib/gcc/arm-none-eabi/10.2.1/../../../../arm-none-eabi/lib/thumb/v6-m/nofp\libc_nano.a(lib_a-exit.o)
                                                  c:/program files (x86)/gnu arm embedded toolchain/10 2020-q4-major/bin/../lib/gcc/arm-none-eabi/10.2.1/../../../../arm-none-eabi/lib/thumb/v6-m/nofp/crt0.o
g_interrupt_enabled                               common/utils/interrupt/interrupt_sam_nvic.o
hardware_init_hook                                c:/program files (x86)/gnu arm embedded toolchain/10 2020-q4-major/bin/../lib/gcc/arm-none-eabi/10.2.1/../../../../arm-none-eabi/lib/thumb/v6-m/nofp/crt0.o
link                                              sam0/utils/syscalls/gcc/syscalls.o
main                                              sam0/applications/led_toggle/led_toggle.o
                                                  sam0/utils/cmsis/samd10/source/gcc/startup_samd10.o
                                                  c:/program files (x86)/gnu arm embedded toolchain/10 2020-q4-major/bin/../lib/gcc/arm-none-eabi/10.2.1/../../../../arm-none-eabi/lib/thumb/v6-m/nofp/crt0.o
memset                                            c:/program files (x86)/gnu arm embedded toolchain/10 2020-q4-major/bin/../lib/gcc/arm-none-eabi/10.2.1/../../../../arm-none-eabi/lib/thumb/v6-m/nofp\libc_nano.a(lib_a-memset.o)
                                                  c:/program files (x86)/gnu arm embedded toolchain/10 2020-q4-major/bin/../lib/gcc/arm-none-eabi/10.2.1/../../../../arm-none-eabi/lib/thumb/v6-m/nofp/crt0.o
port_group_set_config                             sam0/drivers/port/port.o
port_pin_set_config                               sam0/drivers/port/port.o
                                                  sam0/boards/samd10_xplained_mini/board_init.o
                                                  sam0/applications/led_toggle/led_toggle.o
software_init_hook                                c:/program files (x86)/gnu arm embedded toolchain/10 2020-q4-major/bin/../lib/gcc/arm-none-eabi/10.2.1/../../../../arm-none-eabi/lib/thumb/v6-m/nofp/crt0.o
system_board_init                                 sam0/boards/samd10_xplained_mini/board_init.o
system_clock_init                                 sam0/drivers/system/clock/clock_samd09_d10_d11/clock.o
system_clock_source_dfll_set_config               sam0/drivers/system/clock/clock_samd09_d10_d11/clock.o
system_clock_source_disable                       sam0/drivers/system/clock/clock_samd09_d10_d11/clock.o
system_clock_source_dpll_set_config               sam0/drivers/system/clock/clock_samd09_d10_d11/clock.o
system_clock_source_enable                        sam0/drivers/system/clock/clock_samd09_d10_d11/clock.o
system_clock_source_get_hz                        sam0/drivers/system/clock/clock_samd09_d10_d11/clock.o
                                                  sam0/drivers/system/clock/clock_samd09_d10_d11/gclk.o
system_clock_source_is_ready                      sam0/drivers/system/clock/clock_samd09_d10_d11/clock.o
system_clock_source_osc32k_set_config             sam0/drivers/system/clock/clock_samd09_d10_d11/clock.o
system_clock_source_osc8m_set_config              sam0/drivers/system/clock/clock_samd09_d10_d11/clock.o
system_clock_source_write_calibration             sam0/drivers/system/clock/clock_samd09_d10_d11/clock.o
system_clock_source_xosc32k_set_config            sam0/drivers/system/clock/clock_samd09_d10_d11/clock.o
system_clock_source_xosc_set_config               sam0/drivers/system/clock/clock_samd09_d10_d11/clock.o
system_gclk_chan_disable                          sam0/drivers/system/clock/clock_samd09_d10_d11/gclk.o
system_gclk_chan_enable                           sam0/drivers/system/clock/clock_samd09_d10_d11/gclk.o
system_gclk_chan_get_hz                           sam0/drivers/system/clock/clock_samd09_d10_d11/gclk.o
                                                  sam0/drivers/system/clock/clock_samd09_d10_d11/clock.o
system_gclk_chan_is_enabled                       sam0/drivers/system/clock/clock_samd09_d10_d11/gclk.o
system_gclk_chan_is_locked                        sam0/drivers/system/clock/clock_samd09_d10_d11/gclk.o
system_gclk_chan_lock                             sam0/drivers/system/clock/clock_samd09_d10_d11/gclk.o
system_gclk_chan_set_config                       sam0/drivers/system/clock/clock_samd09_d10_d11/gclk.o
                                                  sam0/drivers/system/clock/clock_samd09_d10_d11/clock.o
system_gclk_gen_disable                           sam0/drivers/system/clock/clock_samd09_d10_d11/gclk.o
system_gclk_gen_enable                            sam0/drivers/system/clock/clock_samd09_d10_d11/gclk.o
                                                  sam0/drivers/system/clock/clock_samd09_d10_d11/clock.o
system_gclk_gen_get_hz                            sam0/drivers/system/clock/clock_samd09_d10_d11/gclk.o
                                                  sam0/applications/led_toggle/led_toggle.o
system_gclk_gen_is_enabled                        sam0/drivers/system/clock/clock_samd09_d10_d11/gclk.o
system_gclk_gen_set_config                        sam0/drivers/system/clock/clock_samd09_d10_d11/gclk.o
                                                  sam0/drivers/system/clock/clock_samd09_d10_d11/clock.o
system_gclk_init                                  sam0/drivers/system/clock/clock_samd09_d10_d11/gclk.o
                                                  sam0/drivers/system/clock/clock_samd09_d10_d11/clock.o
system_init                                       sam0/drivers/system/system.o
                                                  sam0/applications/led_toggle/led_toggle.o
system_interrupt_clear_pending                    sam0/drivers/system/interrupt/system_interrupt.o
system_interrupt_get_priority                     sam0/drivers/system/interrupt/system_interrupt.o
system_interrupt_is_pending                       sam0/drivers/system/interrupt/system_interrupt.o
system_interrupt_set_pending                      sam0/drivers/system/interrupt/system_interrupt.o
system_interrupt_set_priority                     sam0/drivers/system/interrupt/system_interrupt.o
system_pinmux_group_set_config                    sam0/drivers/system/pinmux/pinmux.o
                                                  sam0/drivers/port/port.o
system_pinmux_group_set_input_sample_mode         sam0/drivers/system/pinmux/pinmux.o
system_pinmux_group_set_output_strength           sam0/drivers/system/pinmux/pinmux.o
system_pinmux_pin_set_config                      sam0/drivers/system/pinmux/pinmux.o
                                                  sam0/drivers/port/port.o
