Archive member included to satisfy reference by file (symbol)

c:/program files (x86)/gnu arm embedded toolchain/10 2020-q4-major/bin/../lib/gcc/arm-none-eabi/10.2.1/thumb/v6-m/nofp\libgcc.a(_udivsi3.o)
                              common2/services/delay/sam0/systick_counter.o (__aeabi_uidiv)
c:/program files (x86)/gnu arm embedded toolchain/10 2020-q4-major/bin/../lib/gcc/arm-none-eabi/10.2.1/thumb/v6-m/nofp\libgcc.a(_dvmd_tls.o)
                              c:/program files (x86)/gnu arm embedded toolchain/10 2020-q4-major/bin/../lib/gcc/arm-none-eabi/10.2.1/thumb/v6-m/nofp\libgcc.a(_udivsi3.o) (__aeabi_idiv0)
c:/program files (x86)/gnu arm embedded toolchain/10 2020-q4-major/bin/../lib/gcc/arm-none-eabi/10.2.1/thumb/v6-m/nofp\libgcc.a(_muldi3.o)
                              sam0/drivers/sercom/sercom.o (__aeabi_lmul)
c:/program files (x86)/gnu arm embedded toolchain/10 2020-q4-major/bin/../lib/gcc/arm-none-eabi/10.2.1/../../../../arm-none-eabi/lib/thumb/v6-m/nofp\libc_nano.a(lib_a-exit.o)
                              c:/program files (x86)/gnu arm embedded toolchain/10 2020-q4-major/bin/../lib/gcc/arm-none-eabi/10.2.1/../../../../arm-none-eabi/lib/thumb/v6-m/nofp/crt0.o (exit)
c:/program files (x86)/gnu arm embedded toolchain/10 2020-q4-major/bin/../lib/gcc/arm-none-eabi/10.2.1/../../../../arm-none-eabi/lib/thumb/v6-m/nofp\libc_nano.a(lib_a-impure.o)
                              c:/program files (x86)/gnu arm embedded toolchain/10 2020-q4-major/bin/../lib/gcc/arm-none-eabi/10.2.1/../../../../arm-none-eabi/lib/thumb/v6-m/nofp\libc_nano.a(lib_a-exit.o) (_global_impure_ptr)
c:/program files (x86)/gnu arm embedded toolchain/10 2020-q4-major/bin/../lib/gcc/arm-none-eabi/10.2.1/../../../../arm-none-eabi/lib/thumb/v6-m/nofp\libc_nano.a(lib_a-init.o)
                              c:/program files (x86)/gnu arm embedded toolchain/10 2020-q4-major/bin/../lib/gcc/arm-none-eabi/10.2.1/../../../../arm-none-eabi/lib/thumb/v6-m/nofp/crt0.o (__libc_init_array)
c:/program files (x86)/gnu arm embedded toolchain/10 2020-q4-major/bin/../lib/gcc/arm-none-eabi/10.2.1/../../../../arm-none-eabi/lib/thumb/v6-m/nofp\libc_nano.a(lib_a-memset.o)
                              c:/program files (x86)/gnu arm embedded toolchain/10 2020-q4-major/bin/../lib/gcc/arm-none-eabi/10.2.1/../../../../arm-none-eabi/lib/thumb/v6-m/nofp/crt0.o (memset)
c:/program files (x86)/gnu arm embedded toolchain/10 2020-q4-major/bin/../lib/gcc/arm-none-eabi/10.2.1/../../../../arm-none-eabi/lib/thumb/v6-m/nofp\libc_nano.a(lib_a-printf.o)
                              sam0/applications/getting-started/main.o (iprintf)
c:/program files (x86)/gnu arm embedded toolchain/10 2020-q4-major/bin/../lib/gcc/arm-none-eabi/10.2.1/../../../../arm-none-eabi/lib/thumb/v6-m/nofp\libc_nano.a(lib_a-puts.o)
                              sam0/applications/getting-started/main.o (puts)
c:/program files (x86)/gnu arm embedded toolchain/10 2020-q4-major/bin/../lib/gcc/arm-none-eabi/10.2.1/../../../../arm-none-eabi/lib/thumb/v6-m/nofp\libc_nano.a(lib_a-setbuf.o)
                              sam0/applications/getting-started/main.o (setbuf)
c:/program files (x86)/gnu arm embedded toolchain/10 2020-q4-major/bin/../lib/gcc/arm-none-eabi/10.2.1/../../../../arm-none-eabi/lib/thumb/v6-m/nofp\libc_nano.a(lib_a-setvbuf.o)
                              c:/program files (x86)/gnu arm embedded toolchain/10 2020-q4-major/bin/../lib/gcc/arm-none-eabi/10.2.1/../../../../arm-none-eabi/lib/thumb/v6-m/nofp\libc_nano.a(lib_a-setbuf.o) (setvbuf)
c:/program files (x86)/gnu arm embedded toolchain/10 2020-q4-major/bin/../lib/gcc/arm-none-eabi/10.2.1/../../../../arm-none-eabi/lib/thumb/v6-m/nofp\libc_nano.a(lib_a-wbuf.o)
                              c:/program files (x86)/gnu arm embedded toolchain/10 2020-q4-major/bin/../lib/gcc/arm-none-eabi/10.2.1/../../../../arm-none-eabi/lib/thumb/v6-m/nofp\libc_nano.a(lib_a-puts.o) (__swbuf_r)
c:/program files (x86)/gnu arm embedded toolchain/10 2020-q4-major/bin/../lib/gcc/arm-none-eabi/10.2.1/../../../../arm-none-eabi/lib/thumb/v6-m/nofp\libc_nano.a(lib_a-wsetup.o)
                              c:/program files (x86)/gnu arm embedded toolchain/10 2020-q4-major/bin/../lib/gcc/arm-none-eabi/10.2.1/../../../../arm-none-eabi/lib/thumb/v6-m/nofp\libc_nano.a(lib_a-puts.o) (__swsetup_r)
c:/program files (x86)/gnu arm embedded toolchain/10 2020-q4-major/bin/../lib/gcc/arm-none-eabi/10.2.1/../../../../arm-none-eabi/lib/thumb/v6-m/nofp\libc_nano.a(lib_a-fflush.o)
                              c:/program files (x86)/gnu arm embedded toolchain/10 2020-q4-major/bin/../lib/gcc/arm-none-eabi/10.2.1/../../../../arm-none-eabi/lib/thumb/v6-m/nofp\libc_nano.a(lib_a-setvbuf.o) (_fflush_r)
c:/program files (x86)/gnu arm embedded toolchain/10 2020-q4-major/bin/../lib/gcc/arm-none-eabi/10.2.1/../../../../arm-none-eabi/lib/thumb/v6-m/nofp\libc_nano.a(lib_a-findfp.o)
[...]
Memory Configuration

Name             Origin             Length             Attributes
rom              0x00000000         0x00004000         xr
ram              0x20000000         0x00001000         xrw
*default*        0x00000000         0xffffffff

Linker script and memory map

LOAD c:/program files (x86)/gnu arm embedded toolchain/10 2020-q4-major/bin/../lib/gcc/arm-none-eabi/10.2.1/thumb/v6-m/nofp/crti.o
LOAD c:/program files (x86)/gnu arm embedded toolchain/10 2020-q4-major/bin/../lib/gcc/arm-none-eabi/10.2.1/thumb/v6-m/nofp/crtbegin.o
LOAD c:/program files (x86)/gnu arm embedded toolchain/10 2020-q4-major/bin/../lib/gcc/arm-none-eabi/10.2.1/../../../../arm-none-eabi/lib/thumb/v6-m/nofp/crt0.o
                0x00000400                STACK_SIZE = DEFINED (STACK_SIZE)?STACK_SIZE:DEFINED (__stack_size__)?__stack_size__:0x400

.text           0x00000000     0x2e5c
                0x00000000                . = ALIGN (0x4)
                0x00000000                _sfixed = .
 *(.vectors .vectors.*)
 .vectors       0x00000000       0x8c sam0/utils/cmsis/samd10/source/gcc/startup_samd10.o
                0x00000000                exception_table
 *(.text .text.* .gnu.linkonce.t.*)
 .text          0x0000008c       0x48 c:/program files (x86)/gnu arm embedded toolchain/10 2020-q4-major/bin/../lib/gcc/arm-none-eabi/10.2.1/thumb/v6-m/nofp/crtbegin.o
 .text.cpu_irq_enter_critical
                0x000000d4       0x40 common/utils/interrupt/interrupt_sam_nvic.o
                0x000000d4                cpu_irq_enter_critical
 .text.cpu_irq_leave_critical
                0x00000114       0x30 common/utils/interrupt/interrupt_sam_nvic.o
                0x00000114                cpu_irq_leave_critical
 .text.delay_init
                0x00000144       0x3c common2/services/delay/sam0/systick_counter.o
                0x00000144                delay_init
 .text.delay_cycles_ms
                0x00000180       0x34 common2/services/delay/sam0/systick_counter.o
                0x00000180                delay_cycles_ms
 .text.extint_callback
                0x000001b4       0x20 sam0/applications/getting-started/main.o
 .text.usart_serial_getchar
                0x000001d4       0x28 sam0/applications/getting-started/main.o
 .text.usart_serial_putchar
                0x000001fc       0x14 sam0/applications/getting-started/main.o
 .text.tc_callback_to_counter
                0x00000210       0x38 sam0/applications/getting-started/main.o
 .text.main     0x00000248      0x21c sam0/applications/getting-started/main.o
                0x00000248                main
 .text.system_board_init
                0x00000464       0x34 sam0/boards/samd10_xplained_mini/board_init.o
                0x00000464                board_init
                0x00000464                system_board_init
 .text.extint_register_callback
                0x00000498       0x30 sam0/drivers/extint/extint_callback.o
                0x00000498                extint_register_callback
 .text.extint_chan_enable_callback
                0x000004c8       0x20 sam0/drivers/extint/extint_callback.o
                0x000004c8                extint_chan_enable_callback
 .text.EIC_Handler
                0x000004e8       0x4c sam0/drivers/extint/extint_callback.o
                0x000004e8                EIC_Handler
 .text._extint_enable
                0x00000534       0x18 sam0/drivers/extint/extint_sam_d_r_h/extint.o
 .text._system_extint_init
                0x0000054c       0x60 sam0/drivers/extint/extint_sam_d_r_h/extint.o
                0x0000054c                _system_extint_init
 .text.extint_chan_get_config_defaults
                0x000005ac       0x14 sam0/drivers/extint/extint_sam_d_r_h/extint.o
                0x000005ac                extint_chan_get_config_defaults
 .text.extint_chan_set_config
                0x000005c0       0x74 sam0/drivers/extint/extint_sam_d_r_h/extint.o
                0x000005c0                extint_chan_set_config
 .text.port_pin_set_config
                0x00000634       0x20 sam0/drivers/port/port.o
                0x00000634                port_pin_set_config
 .text.long_division
                0x00000654       0xba sam0/drivers/sercom/sercom.o
 .text._sercom_get_sync_baud_val
                0x0000070e       0x28 sam0/drivers/sercom/sercom.o
                0x0000070e                _sercom_get_sync_baud_val
 .text._sercom_get_async_baud_val
                0x00000736       0x98 sam0/drivers/sercom/sercom.o
                0x00000736                _sercom_get_async_baud_val
 *fill*         0x000007ce        0x2 
 .text.sercom_set_gclk_generator
                0x000007d0       0x48 sam0/drivers/sercom/sercom.o
                0x000007d0                sercom_set_gclk_generator
 .text._sercom_get_default_pad
                0x00000818       0xd8 sam0/drivers/sercom/sercom.o
                0x00000818                _sercom_get_default_pad
 .text._sercom_get_sercom_inst_index
                0x000008f0       0x38 sam0/drivers/sercom/sercom.o
                0x000008f0                _sercom_get_sercom_inst_index
 .text._sercom_default_handler
                0x00000928        0x2 sam0/drivers/sercom/sercom_interrupt.o
 *fill*         0x0000092a        0x2 
 .text._sercom_set_handler
                0x0000092c       0x3c sam0/drivers/sercom/sercom_interrupt.o
                0x0000092c                _sercom_set_handler
 .text._sercom_get_interrupt_vector
                0x00000968       0x20 sam0/drivers/sercom/sercom_interrupt.o
                0x00000968                _sercom_get_interrupt_vector
 .text.SERCOM0_Handler
                0x00000988       0x10 sam0/drivers/sercom/sercom_interrupt.o
                0x00000988                SERCOM0_Handler
 .text.SERCOM1_Handler
                0x00000998       0x10 sam0/drivers/sercom/sercom_interrupt.o
                0x00000998                SERCOM1_Handler
 .text.SERCOM2_Handler
                0x000009a8       0x10 sam0/drivers/sercom/sercom_interrupt.o
                0x000009a8                SERCOM2_Handler
 .text.usart_init
                0x000009b8      0x2dc sam0/drivers/sercom/usart/usart.o
                0x000009b8                usart_init
 .text.usart_write_wait
                0x00000c94       0x26 sam0/drivers/sercom/usart/usart.o
                0x00000c94                usart_write_wait
 .text.usart_read_wait
                0x00000cba       0x6e sam0/drivers/sercom/usart/usart.o
                0x00000cba                usart_read_wait
 .text._usart_interrupt_handler
                0x00000d28      0x18c sam0/drivers/sercom/usart/usart_interrupt.o
                0x00000d28                _usart_interrupt_handler
 .text.system_clock_source_get_hz
                0x00000eb4       0x94 sam0/drivers/system/clock/clock_samd09_d10_d11/clock.o
                0x00000eb4                system_clock_source_get_hz
 .text.system_clock_source_osc8m_set_config
                0x00000f48       0x3c sam0/drivers/system/clock/clock_samd09_d10_d11/clock.o
                0x00000f48                system_clock_source_osc8m_set_config
 .text.system_clock_source_enable
                0x00000f84       0xa8 sam0/drivers/system/clock/clock_samd09_d10_d11/clock.o
                0x00000f84                system_clock_source_enable
 .text.system_clock_init
                0x0000102c       0x80 sam0/drivers/system/clock/clock_samd09_d10_d11/clock.o
                0x0000102c                system_clock_init
 .text.system_gclk_init
                0x000010ac       0x24 sam0/drivers/system/clock/clock_samd09_d10_d11/gclk.o
                0x000010ac                system_gclk_init
 .text.system_gclk_gen_set_config
                0x000010d0       0xac sam0/drivers/system/clock/clock_samd09_d10_d11/gclk.o
                0x000010d0                system_gclk_gen_set_config
 .text.system_gclk_gen_enable
                0x0000117c       0x3c sam0/drivers/system/clock/clock_samd09_d10_d11/gclk.o
                0x0000117c                system_gclk_gen_enable
 .text.system_gclk_gen_get_hz
                0x000011b8       0x7c sam0/drivers/system/clock/clock_samd09_d10_d11/gclk.o
                0x000011b8                system_gclk_gen_get_hz
 .text.system_gclk_chan_enable
                0x00001234       0x28 sam0/drivers/system/clock/clock_samd09_d10_d11/gclk.o
                0x00001234                system_gclk_chan_enable
 .text.system_gclk_chan_disable
                0x0000125c       0x54 sam0/drivers/system/clock/clock_samd09_d10_d11/gclk.o
                0x0000125c                system_gclk_chan_disable
 .text.system_gclk_chan_set_config
                0x000012b0       0x18 sam0/drivers/system/clock/clock_samd09_d10_d11/gclk.o
                0x000012b0                system_gclk_chan_set_config
 .text.system_gclk_chan_get_hz
                0x000012c8       0x28 sam0/drivers/system/clock/clock_samd09_d10_d11/gclk.o
                0x000012c8                system_gclk_chan_get_hz
 .text._system_pinmux_config
                0x000012f0       0xa8 sam0/drivers/system/pinmux/pinmux.o
 .text.system_pinmux_pin_set_config
                0x00001398       0x2c sam0/drivers/system/pinmux/pinmux.o
                0x00001398                system_pinmux_pin_set_config
 .text._system_dummy_init
                0x000013c4        0x2 sam0/drivers/system/system.o
                0x000013c4                _system_events_init
                0x000013c4                _system_dummy_init
                0x000013c4                _system_divas_init
 .text.system_init
                0x000013c6       0x18 sam0/drivers/system/system.o
                0x000013c6                system_init
 .text.tc_register_callback
                0x000013de       0x32 sam0/drivers/tc/tc_interrupt.o
                0x000013de                tc_register_callback
 .text._tc_interrupt_handler
                0x00001410       0x5c sam0/drivers/tc/tc_interrupt.o
                0x00001410                _tc_interrupt_handler
 .text.TC1_Handler
                0x0000146c        0xa sam0/drivers/tc/tc_interrupt.o
                0x0000146c                TC1_Handler
 .text.TC2_Handler
                0x00001476        0xa sam0/drivers/tc/tc_interrupt.o
                0x00001476                TC2_Handler
 .text._tc_get_inst_index
                0x00001480       0x24 sam0/drivers/tc/tc_sam_d_r_h/tc.o
                0x00001480                _tc_get_inst_index
 .text.tc_init  0x000014a4      0x240 sam0/drivers/tc/tc_sam_d_r_h/tc.o
                0x000014a4                tc_init
 .text.tc_set_count_value
                0x000016e4       0x30 sam0/drivers/tc/tc_sam_d_r_h/tc.o
                0x000016e4                tc_set_count_value
 .text.Dummy_Handler
                0x00001714        0x2 sam0/utils/cmsis/samd10/source/gcc/startup_samd10.o
                0x00001714                DMAC_Handler
                0x00001714                HardFault_Handler
                0x00001714                AC_Handler
                0x00001714                SysTick_Handler
                0x00001714                PendSV_Handler
                0x00001714                NMI_Handler
                0x00001714                ADC_Handler
                0x00001714                TCC0_Handler
                0x00001714                RTC_Handler
                0x00001714                WDT_Handler
                0x00001714                Dummy_Handler
                0x00001714                PM_Handler
                0x00001714                SVC_Handler
                0x00001714                EVSYS_Handler
                0x00001714                NVMCTRL_Handler
                0x00001714                DAC_Handler
                0x00001714                PTC_Handler
                0x00001714                SYSCTRL_Handler
 *fill*         0x00001716        0x2 
 .text.Reset_Handler
                0x00001718       0xc8 sam0/utils/cmsis/samd10/source/gcc/startup_samd10.o
                0x00001718                Reset_Handler
 .text._read    0x000017e0       0x44 sam0/utils/stdio/read.o
                0x000017e0                _read
 .text._write   0x00001824       0x50 sam0/utils/stdio/write.o
                0x00001824                _write
 .text._sbrk    0x00001874       0x24 sam0/utils/syscalls/gcc/syscalls.o
                0x00001874                _sbrk
 .text._close   0x00001898        0x6 sam0/utils/syscalls/gcc/syscalls.o
                0x00001898                _close
 .text._fstat   0x0000189e        0xa sam0/utils/syscalls/gcc/syscalls.o
                0x0000189e                _fstat
 .text._isatty  0x000018a8        0x4 sam0/utils/syscalls/gcc/syscalls.o
                0x000018a8                _isatty
 .text._lseek   0x000018ac        0x4 sam0/utils/syscalls/gcc/syscalls.o
                0x000018ac                _lseek
 .text          0x000018b0      0x114 c:/program files (x86)/gnu arm embedded toolchain/10 2020-q4-major/bin/../lib/gcc/arm-none-eabi/10.2.1/thumb/v6-m/nofp\libgcc.a(_udivsi3.o)
                0x000018b0                __aeabi_uidiv
                0x000018b0                __udivsi3
                0x000019bc                __aeabi_uidivmod
 .text          0x000019c4        0x4 c:/program files (x86)/gnu arm embedded toolchain/10 2020-q4-major/bin/../lib/gcc/arm-none-eabi/10.2.1/thumb/v6-m/nofp\libgcc.a(_dvmd_tls.o)
                0x000019c4                __aeabi_idiv0
                0x000019c4                __aeabi_ldiv0
 .text          0x000019c8       0x5c c:/program files (x86)/gnu arm embedded toolchain/10 2020-q4-major/bin/../lib/gcc/arm-none-eabi/10.2.1/thumb/v6-m/nofp\libgcc.a(_muldi3.o)
                0x000019c8                __muldi3
                0x000019c8                __aeabi_lmul
 .text.__libc_init_array
                0x00001a24       0x48 c:/program files (x86)/gnu arm embedded toolchain/10 2020-q4-major/bin/../lib/gcc/arm-none-eabi/10.2.1/../../../../arm-none-eabi/lib/thumb/v6-m/nofp\libc_nano.a(lib_a-init.o)
                0x00001a24                __libc_init_array
 .text.memset   0x00001a6c       0x10 c:/program files (x86)/gnu arm embedded toolchain/10 2020-q4-major/bin/../lib/gcc/arm-none-eabi/10.2.1/../../../../arm-none-eabi/lib/thumb/v6-m/nofp\libc_nano.a(lib_a-memset.o)
                0x00001a6c                memset
 .text.printf   0x00001a7c       0x34 c:/program files (x86)/gnu arm embedded toolchain/10 2020-q4-major/bin/../lib/gcc/arm-none-eabi/10.2.1/../../../../arm-none-eabi/lib/thumb/v6-m/nofp\libc_nano.a(lib_a-printf.o)
                0x00001a7c                iprintf
                0x00001a7c                printf
 .text._puts_r  0x00001ab0       0xe4 c:/program files (x86)/gnu arm embedded toolchain/10 2020-q4-major/bin/../lib/gcc/arm-none-eabi/10.2.1/../../../../arm-none-eabi/lib/thumb/v6-m/nofp\libc_nano.a(lib_a-puts.o)
                0x00001ab0                _puts_r
 .text.puts     0x00001b94       0x14 c:/program files (x86)/gnu arm embedded toolchain/10 2020-q4-major/bin/../lib/gcc/arm-none-eabi/10.2.1/../../../../arm-none-eabi/lib/thumb/v6-m/nofp\libc_nano.a(lib_a-puts.o)
                0x00001b94                puts
 .text.setbuf   0x00001ba8       0x12 c:/program files (x86)/gnu arm embedded toolchain/10 2020-q4-major/bin/../lib/gcc/arm-none-eabi/10.2.1/../../../../arm-none-eabi/lib/thumb/v6-m/nofp\libc_nano.a(lib_a-setbuf.o)
                0x00001ba8                setbuf
 *fill*         0x00001bba        0x2 
 .text.setvbuf  0x00001bbc      0x190 c:/program files (x86)/gnu arm embedded toolchain/10 2020-q4-major/bin/../lib/gcc/arm-none-eabi/10.2.1/../../../../arm-none-eabi/lib/thumb/v6-m/nofp\libc_nano.a(lib_a-setvbuf.o)
                0x00001bbc                setvbuf
 .text.__swbuf_r
                0x00001d4c       0xac c:/program files (x86)/gnu arm embedded toolchain/10 2020-q4-major/bin/../lib/gcc/arm-none-eabi/10.2.1/../../../../arm-none-eabi/lib/thumb/v6-m/nofp\libc_nano.a(lib_a-wbuf.o)
                0x00001d4c                __swbuf_r
 .text.__swsetup_r
                0x00001df8       0xf0 c:/program files (x86)/gnu arm embedded toolchain/10 2020-q4-major/bin/../lib/gcc/arm-none-eabi/10.2.1/../../../../arm-none-eabi/lib/thumb/v6-m/nofp\libc_nano.a(lib_a-wsetup.o)
                0x00001df8                __swsetup_r
 .text.__sflush_r
                0x00001ee8      0x118 c:/program files (x86)/gnu arm embedded toolchain/10 2020-q4-major/bin/../lib/gcc/arm-none-eabi/10.2.1/../../../../arm-none-eabi/lib/thumb/v6-m/nofp\libc_nano.a(lib_a-fflush.o)
                0x00001ee8                __sflush_r
 .text._fflush_r
                0x00002000       0x80 c:/program files (x86)/gnu arm embedded toolchain/10 2020-q4-major/bin/../lib/gcc/arm-none-eabi/10.2.1/../../../../arm-none-eabi/lib/thumb/v6-m/nofp\libc_nano.a(lib_a-fflush.o)
                0x00002000                _fflush_r
 .text.std      0x00002080       0x48 c:/program files (x86)/gnu arm embedded toolchain/10 2020-q4-major/bin/../lib/gcc/arm-none-eabi/10.2.1/../../../../arm-none-eabi/lib/thumb/v6-m/nofp\libc_nano.a(lib_a-findfp.o)
 .text._cleanup_r
                0x000020c8       0x10 c:/program files (x86)/gnu arm embedded toolchain/10 2020-q4-major/bin/../lib/gcc/arm-none-eabi/10.2.1/../../../../arm-none-eabi/lib/thumb/v6-m/nofp\libc_nano.a(lib_a-findfp.o)
                0x000020c8                _cleanup_r
 .text.__sfmoreglue
                0x000020d8       0x2c c:/program files (x86)/gnu arm embedded toolchain/10 2020-q4-major/bin/../lib/gcc/arm-none-eabi/10.2.1/../../../../arm-none-eabi/lib/thumb/v6-m/nofp\libc_nano.a(lib_a-findfp.o)
                0x000020d8                __sfmoreglue
 .text.__sfp_lock_acquire
                0x00002104       0x10 c:/program files (x86)/gnu arm embedded toolchain/10 2020-q4-major/bin/../lib/gcc/arm-none-eabi/10.2.1/../../../../arm-none-eabi/lib/thumb/v6-m/nofp\libc_nano.a(lib_a-findfp.o)
                0x00002104                __sfp_lock_acquire
 .text.__sfp_lock_release
                0x00002114       0x10 c:/program files (x86)/gnu arm embedded toolchain/10 2020-q4-major/bin/../lib/gcc/arm-none-eabi/10.2.1/../../../../arm-none-eabi/lib/thumb/v6-m/nofp\libc_nano.a(lib_a-findfp.o)
                0x00002114                __sfp_lock_release
 .text.__sinit_lock_acquire
                0x00002124       0x10 c:/program files (x86)/gnu arm embedded toolchain/10 2020-q4-major/bin/../lib/gcc/arm-none-eabi/10.2.1/../../../../arm-none-eabi/lib/thumb/v6-m/nofp\libc_nano.a(lib_a-findfp.o)
                0x00002124                __sinit_lock_acquire
 .text.__sinit_lock_release
                0x00002134       0x10 c:/program files (x86)/gnu arm embedded toolchain/10 2020-q4-major/bin/../lib/gcc/arm-none-eabi/10.2.1/../../../../arm-none-eabi/lib/thumb/v6-m/nofp\libc_nano.a(lib_a-findfp.o)
                0x00002134                __sinit_lock_release
 .text.__sinit  0x00002144       0x70 c:/program files (x86)/gnu arm embedded toolchain/10 2020-q4-major/bin/../lib/gcc/arm-none-eabi/10.2.1/../../../../arm-none-eabi/lib/thumb/v6-m/nofp\libc_nano.a(lib_a-findfp.o)
                0x00002144                __sinit
 .text.__sfp    0x000021b4       0x90 c:/program files (x86)/gnu arm embedded toolchain/10 2020-q4-major/bin/../lib/gcc/arm-none-eabi/10.2.1/../../../../arm-none-eabi/lib/thumb/v6-m/nofp\libc_nano.a(lib_a-findfp.o)
                0x000021b4                __sfp
 .text._fwalk_reent
                0x00002244       0x40 c:/program files (x86)/gnu arm embedded toolchain/10 2020-q4-major/bin/../lib/gcc/arm-none-eabi/10.2.1/../../../../arm-none-eabi/lib/thumb/v6-m/nofp\libc_nano.a(lib_a-fwalk.o)
                0x00002244                _fwalk_reent
 .text.__retarget_lock_init_recursive
                0x00002284        0x2 c:/program files (x86)/gnu arm embedded toolchain/10 2020-q4-major/bin/../lib/gcc/arm-none-eabi/10.2.1/../../../../arm-none-eabi/lib/thumb/v6-m/nofp\libc_nano.a(lib_a-lock.o)
                0x00002284                __retarget_lock_init_recursive
 .text.__retarget_lock_acquire_recursive
                0x00002286        0x2 c:/program files (x86)/gnu arm embedded toolchain/10 2020-q4-major/bin/../lib/gcc/arm-none-eabi/10.2.1/../../../../arm-none-eabi/lib/thumb/v6-m/nofp\libc_nano.a(lib_a-lock.o)
                0x00002286                __retarget_lock_acquire_recursive
 .text.__retarget_lock_release_recursive
                0x00002288        0x2 c:/program files (x86)/gnu arm embedded toolchain/10 2020-q4-major/bin/../lib/gcc/arm-none-eabi/10.2.1/../../../../arm-none-eabi/lib/thumb/v6-m/nofp\libc_nano.a(lib_a-lock.o)
                0x00002288                __retarget_lock_release_recursive
 *fill*         0x0000228a        0x2 
 .text.__swhatbuf_r
                0x0000228c       0x50 c:/program files (x86)/gnu arm embedded toolchain/10 2020-q4-major/bin/../lib/gcc/arm-none-eabi/10.2.1/../../../../arm-none-eabi/lib/thumb/v6-m/nofp\libc_nano.a(lib_a-makebuf.o)
                0x0000228c                __swhatbuf_r
 .text.__smakebuf_r
                0x000022dc       0x88 c:/program files (x86)/gnu arm embedded toolchain/10 2020-q4-major/bin/../lib/gcc/arm-none-eabi/10.2.1/../../../../arm-none-eabi/lib/thumb/v6-m/nofp\libc_nano.a(lib_a-makebuf.o)
                0x000022dc                __smakebuf_r
 .text.malloc   0x00002364       0x14 c:/program files (x86)/gnu arm embedded toolchain/10 2020-q4-major/bin/../lib/gcc/arm-none-eabi/10.2.1/../../../../arm-none-eabi/lib/thumb/v6-m/nofp\libc_nano.a(lib_a-malloc.o)
                0x00002364                malloc
 .text._free_r  0x00002378       0x94 c:/program files (x86)/gnu arm embedded toolchain/10 2020-q4-major/bin/../lib/gcc/arm-none-eabi/10.2.1/../../../../arm-none-eabi/lib/thumb/v6-m/nofp\libc_nano.a(lib_a-nano-freer.o)
                0x00002378                _free_r
 .text._malloc_r
                0x0000240c       0xbc c:/program files (x86)/gnu arm embedded toolchain/10 2020-q4-major/bin/../lib/gcc/arm-none-eabi/10.2.1/../../../../arm-none-eabi/lib/thumb/v6-m/nofp\libc_nano.a(lib_a-nano-mallocr.o)
                0x0000240c                _malloc_r
 .text.__sfputc_r
                0x000024c8       0x2a c:/program files (x86)/gnu arm embedded toolchain/10 2020-q4-major/bin/../lib/gcc/arm-none-eabi/10.2.1/../../../../arm-none-eabi/lib/thumb/v6-m/nofp\libc_nano.a(lib_a-nano-vfprintf.o)
 .text.__sfputs_r
                0x000024f2       0x24 c:/program files (x86)/gnu arm embedded toolchain/10 2020-q4-major/bin/../lib/gcc/arm-none-eabi/10.2.1/../../../../arm-none-eabi/lib/thumb/v6-m/nofp\libc_nano.a(lib_a-nano-vfprintf.o)
                0x000024f2                __sfputs_r
 *fill*         0x00002516        0x2 
 .text._vfprintf_r
                0x00002518      0x274 c:/program files (x86)/gnu arm embedded toolchain/10 2020-q4-major/bin/../lib/gcc/arm-none-eabi/10.2.1/../../../../arm-none-eabi/lib/thumb/v6-m/nofp\libc_nano.a(lib_a-nano-vfprintf.o)
                0x00002518                _vfprintf_r
                0x00002518                _vfiprintf_r
 .text._printf_common
                0x0000278c       0xde c:/program files (x86)/gnu arm embedded toolchain/10 2020-q4-major/bin/../lib/gcc/arm-none-eabi/10.2.1/../../../../arm-none-eabi/lib/thumb/v6-m/nofp\libc_nano.a(lib_a-nano-vfprintf_i.o)
                0x0000278c                _printf_common
 *fill*         0x0000286a        0x2 
 .text._printf_i
                0x0000286c      0x224 c:/program files (x86)/gnu arm embedded toolchain/10 2020-q4-major/bin/../lib/gcc/arm-none-eabi/10.2.1/../../../../arm-none-eabi/lib/thumb/v6-m/nofp\libc_nano.a(lib_a-nano-vfprintf_i.o)
                0x0000286c                _printf_i
 .text._sbrk_r  0x00002a90       0x24 c:/program files (x86)/gnu arm embedded toolchain/10 2020-q4-major/bin/../lib/gcc/arm-none-eabi/10.2.1/../../../../arm-none-eabi/lib/thumb/v6-m/nofp\libc_nano.a(lib_a-sbrkr.o)
                0x00002a90                _sbrk_r
 .text.__sread  0x00002ab4       0x28 c:/program files (x86)/gnu arm embedded toolchain/10 2020-q4-major/bin/../lib/gcc/arm-none-eabi/10.2.1/../../../../arm-none-eabi/lib/thumb/v6-m/nofp\libc_nano.a(lib_a-stdio.o)
                0x00002ab4                __sread
 .text.__swrite
                0x00002adc       0x38 c:/program files (x86)/gnu arm embedded toolchain/10 2020-q4-major/bin/../lib/gcc/arm-none-eabi/10.2.1/../../../../arm-none-eabi/lib/thumb/v6-m/nofp\libc_nano.a(lib_a-stdio.o)
                0x00002adc                __swrite
 .text.__sseek  0x00002b14       0x2c c:/program files (x86)/gnu arm embedded toolchain/10 2020-q4-major/bin/../lib/gcc/arm-none-eabi/10.2.1/../../../../arm-none-eabi/lib/thumb/v6-m/nofp\libc_nano.a(lib_a-stdio.o)
                0x00002b14                __sseek
 .text.__sclose
                0x00002b40        0xc c:/program files (x86)/gnu arm embedded toolchain/10 2020-q4-major/bin/../lib/gcc/arm-none-eabi/10.2.1/../../../../arm-none-eabi/lib/thumb/v6-m/nofp\libc_nano.a(lib_a-stdio.o)
                0x00002b40                __sclose
 .text._write_r
                0x00002b4c       0x28 c:/program files (x86)/gnu arm embedded toolchain/10 2020-q4-major/bin/../lib/gcc/arm-none-eabi/10.2.1/../../../../arm-none-eabi/lib/thumb/v6-m/nofp\libc_nano.a(lib_a-writer.o)
                0x00002b4c                _write_r
 .text._close_r
                0x00002b74       0x24 c:/program files (x86)/gnu arm embedded toolchain/10 2020-q4-major/bin/../lib/gcc/arm-none-eabi/10.2.1/../../../../arm-none-eabi/lib/thumb/v6-m/nofp\libc_nano.a(lib_a-closer.o)
                0x00002b74                _close_r
 .text._fstat_r
                0x00002b98       0x24 c:/program files (x86)/gnu arm embedded toolchain/10 2020-q4-major/bin/../lib/gcc/arm-none-eabi/10.2.1/../../../../arm-none-eabi/lib/thumb/v6-m/nofp\libc_nano.a(lib_a-fstatr.o)
                0x00002b98                _fstat_r
 .text._isatty_r
                0x00002bbc       0x24 c:/program files (x86)/gnu arm embedded toolchain/10 2020-q4-major/bin/../lib/gcc/arm-none-eabi/10.2.1/../../../../arm-none-eabi/lib/thumb/v6-m/nofp\libc_nano.a(lib_a-isattyr.o)
                0x00002bbc                _isatty_r
 .text._lseek_r
                0x00002be0       0x28 c:/program files (x86)/gnu arm embedded toolchain/10 2020-q4-major/bin/../lib/gcc/arm-none-eabi/10.2.1/../../../../arm-none-eabi/lib/thumb/v6-m/nofp\libc_nano.a(lib_a-lseekr.o)
                0x00002be0                _lseek_r
 .text.memchr   0x00002c08       0x16 c:/program files (x86)/gnu arm embedded toolchain/10 2020-q4-major/bin/../lib/gcc/arm-none-eabi/10.2.1/../../../../arm-none-eabi/lib/thumb/v6-m/nofp\libc_nano.a(lib_a-memchr-stub.o)
                0x00002c08                memchr
 *fill*         0x00002c1e        0x2 
 .text.__malloc_lock
                0x00002c20       0x10 c:/program files (x86)/gnu arm embedded toolchain/10 2020-q4-major/bin/../lib/gcc/arm-none-eabi/10.2.1/../../../../arm-none-eabi/lib/thumb/v6-m/nofp\libc_nano.a(lib_a-mlock.o)
                0x00002c20                __malloc_lock
 .text.__malloc_unlock
                0x00002c30       0x10 c:/program files (x86)/gnu arm embedded toolchain/10 2020-q4-major/bin/../lib/gcc/arm-none-eabi/10.2.1/../../../../arm-none-eabi/lib/thumb/v6-m/nofp\libc_nano.a(lib_a-mlock.o)
                0x00002c30                __malloc_unlock
 .text._read_r  0x00002c40       0x28 c:/program files (x86)/gnu arm embedded toolchain/10 2020-q4-major/bin/../lib/gcc/arm-none-eabi/10.2.1/../../../../arm-none-eabi/lib/thumb/v6-m/nofp\libc_nano.a(lib_a-readr.o)
                0x00002c40                _read_r
 .text          0x00002c68       0x14 c:/program files (x86)/gnu arm embedded toolchain/10 2020-q4-major/bin/../lib/gcc/arm-none-eabi/10.2.1/thumb/v6-m/nofp\libgcc.a(_thumb1_case_shi.o)
                0x00002c68                __gnu_thumb1_case_shi
 *(.glue_7t)
 .glue_7t       0x00002c7c        0x0 linker stubs
 *(.glue_7)
 .glue_7        0x00002c7c        0x0 linker stubs
 *(.rodata .rodata* .gnu.linkonce.r.*)
 .rodata.tc_callback_to_counter.str1.4
                0x00002c7c       0x28 sam0/applications/getting-started/main.o
 .rodata.main.str1.4
                0x00002ca4       0xa4 sam0/applications/getting-started/main.o
 .rodata.tc_interrupt_vectors.0
                0x00002d48        0x2 sam0/applications/getting-started/main.o
 *fill*         0x00002d4a        0x2 
 .rodata        0x00002d4c        0xc sam0/drivers/sercom/sercom.o
 .rodata._sercom_get_interrupt_vector.str1.4
                0x00002d58        0x4 sam0/drivers/sercom/sercom_interrupt.o
 .rodata.system_clock_source_get_hz
                0x00002d5c       0x24 sam0/drivers/system/clock/clock_samd09_d10_d11/clock.o
 .rodata.system_clock_source_enable
                0x00002d80       0x24 sam0/drivers/system/clock/clock_samd09_d10_d11/clock.o
 .rodata._global_impure_ptr
                0x00002da4        0x4 c:/program files (x86)/gnu arm embedded toolchain/10 2020-q4-major/bin/../lib/gcc/arm-none-eabi/10.2.1/../../../../arm-none-eabi/lib/thumb/v6-m/nofp\libc_nano.a(lib_a-impure.o)
                0x00002da4                _global_impure_ptr
 .rodata.__sf_fake_stderr
                0x00002da8       0x20 c:/program files (x86)/gnu arm embedded toolchain/10 2020-q4-major/bin/../lib/gcc/arm-none-eabi/10.2.1/../../../../arm-none-eabi/lib/thumb/v6-m/nofp\libc_nano.a(lib_a-findfp.o)
                0x00002da8                __sf_fake_stderr
 .rodata.__sf_fake_stdin
                0x00002dc8       0x20 c:/program files (x86)/gnu arm embedded toolchain/10 2020-q4-major/bin/../lib/gcc/arm-none-eabi/10.2.1/../../../../arm-none-eabi/lib/thumb/v6-m/nofp\libc_nano.a(lib_a-findfp.o)
                0x00002dc8                __sf_fake_stdin
 .rodata.__sf_fake_stdout
                0x00002de8       0x20 c:/program files (x86)/gnu arm embedded toolchain/10 2020-q4-major/bin/../lib/gcc/arm-none-eabi/10.2.1/../../../../arm-none-eabi/lib/thumb/v6-m/nofp\libc_nano.a(lib_a-findfp.o)
                0x00002de8                __sf_fake_stdout
 .rodata._vfprintf_r.str1.1
                0x00002e08       0x11 c:/program files (x86)/gnu arm embedded toolchain/10 2020-q4-major/bin/../lib/gcc/arm-none-eabi/10.2.1/../../../../arm-none-eabi/lib/thumb/v6-m/nofp\libc_nano.a(lib_a-nano-vfprintf.o)
 .rodata._printf_i.str1.1
                0x00002e19       0x22 c:/program files (x86)/gnu arm embedded toolchain/10 2020-q4-major/bin/../lib/gcc/arm-none-eabi/10.2.1/../../../../arm-none-eabi/lib/thumb/v6-m/nofp\libc_nano.a(lib_a-nano-vfprintf_i.o)
 *(.ARM.extab* .gnu.linkonce.armextab.*)
                0x00002e3c                . = ALIGN (0x4)
 *fill*         0x00002e3b        0x1 
 *(.init)
 .init          0x00002e3c        0x4 c:/program files (x86)/gnu arm embedded toolchain/10 2020-q4-major/bin/../lib/gcc/arm-none-eabi/10.2.1/thumb/v6-m/nofp/crti.o
                0x00002e3c                _init
 .init          0x00002e40        0x8 c:/program files (x86)/gnu arm embedded toolchain/10 2020-q4-major/bin/../lib/gcc/arm-none-eabi/10.2.1/thumb/v6-m/nofp/crtn.o
                0x00002e48                . = ALIGN (0x4)
                0x00002e48                __preinit_array_start = .
 *(.preinit_array)
                0x00002e48                __preinit_array_end = .
                0x00002e48                . = ALIGN (0x4)
                0x00002e48                __init_array_start = .
 *(SORT_BY_NAME(.init_array.*))
 *(.init_array)
 .init_array    0x00002e48        0x4 c:/program files (x86)/gnu arm embedded toolchain/10 2020-q4-major/bin/../lib/gcc/arm-none-eabi/10.2.1/thumb/v6-m/nofp/crtbegin.o
                0x00002e4c                __init_array_end = .
                0x00002e4c                . = ALIGN (0x4)
 *crtbegin.o(.ctors)
 *(EXCLUDE_FILE(*crtend.o) .ctors)
 *(SORT_BY_NAME(.ctors.*))
 *crtend.o(.ctors)
                0x00002e4c                . = ALIGN (0x4)
 *(.fini)
 .fini          0x00002e4c        0x4 c:/program files (x86)/gnu arm embedded toolchain/10 2020-q4-major/bin/../lib/gcc/arm-none-eabi/10.2.1/thumb/v6-m/nofp/crti.o
                0x00002e4c                _fini
 .fini          0x00002e50        0x8 c:/program files (x86)/gnu arm embedded toolchain/10 2020-q4-major/bin/../lib/gcc/arm-none-eabi/10.2.1/thumb/v6-m/nofp/crtn.o
                0x00002e58                . = ALIGN (0x4)
                0x00002e58                __fini_array_start = .
 *(.fini_array)
 .fini_array    0x00002e58        0x4 c:/program files (x86)/gnu arm embedded toolchain/10 2020-q4-major/bin/../lib/gcc/arm-none-eabi/10.2.1/thumb/v6-m/nofp/crtbegin.o
 *(SORT_BY_NAME(.fini_array.*))
                0x00002e5c                __fini_array_end = .
 *crtbegin.o(.dtors)
 *(EXCLUDE_FILE(*crtend.o) .dtors)
 *(SORT_BY_NAME(.dtors.*))
 *crtend.o(.dtors)
                0x00002e5c                . = ALIGN (0x4)
                0x00002e5c                _efixed = .
                [!provide]                PROVIDE (__exidx_start = .)

.vfp11_veneer   0x00002e5c        0x0
 .vfp11_veneer  0x00002e5c        0x0 linker stubs

.v4_bx          0x00002e5c        0x0
 .v4_bx         0x00002e5c        0x0 linker stubs

.iplt           0x00002e5c        0x0
 .iplt          0x00002e5c        0x0 c:/program files (x86)/gnu arm embedded toolchain/10 2020-q4-major/bin/../lib/gcc/arm-none-eabi/10.2.1/thumb/v6-m/nofp/crtbegin.o

.igot.plt       0x00002e5c        0x0
 .igot.plt      0x00002e5c        0x0 c:/program files (x86)/gnu arm embedded toolchain/10 2020-q4-major/bin/../lib/gcc/arm-none-eabi/10.2.1/thumb/v6-m/nofp/crtbegin.o

.eh_frame       0x00002e5c        0x0
 .eh_frame      0x00002e5c        0x0 c:/program files (x86)/gnu arm embedded toolchain/10 2020-q4-major/bin/../lib/gcc/arm-none-eabi/10.2.1/thumb/v6-m/nofp/crtbegin.o

.rel.dyn        0x00002e5c        0x0
 .rel.iplt      0x00002e5c        0x0 c:/program files (x86)/gnu arm embedded toolchain/10 2020-q4-major/bin/../lib/gcc/arm-none-eabi/10.2.1/thumb/v6-m/nofp/crtbegin.o

.ARM.exidx
 *(.ARM.exidx* .gnu.linkonce.armexidx.*)
                [!provide]                PROVIDE (__exidx_end = .)
                0x00002e5c                . = ALIGN (0x4)
                0x00002e5c                _etext = .

.relocate       0x20000000       0x70 load address 0x00002e5c
                0x20000000                . = ALIGN (0x4)
                0x20000000                _srelocate = .
 *(.ramfunc .ramfunc.*)
 *(.data .data.*)
 .data.g_interrupt_enabled
                0x20000000        0x1 common/utils/interrupt/interrupt_sam_nvic.o
                0x20000000                g_interrupt_enabled
 *fill*         0x20000001        0x3 
 .data.cycles_per_ms
                0x20000004        0x4 common2/services/delay/sam0/systick_counter.o
 .data.cycles_per_us
                0x20000008        0x4 common2/services/delay/sam0/systick_counter.o
 .data._impure_ptr
                0x2000000c        0x4 c:/program files (x86)/gnu arm embedded toolchain/10 2020-q4-major/bin/../lib/gcc/arm-none-eabi/10.2.1/../../../../arm-none-eabi/lib/thumb/v6-m/nofp\libc_nano.a(lib_a-impure.o)
                0x2000000c                _impure_ptr
 .data.impure_data
                0x20000010       0x60 c:/program files (x86)/gnu arm embedded toolchain/10 2020-q4-major/bin/../lib/gcc/arm-none-eabi/10.2.1/../../../../arm-none-eabi/lib/thumb/v6-m/nofp\libc_nano.a(lib_a-impure.o)
                0x20000070                . = ALIGN (0x4)
                0x20000070                _erelocate = .

.bss            0x20000070      0x118 load address 0x00002ecc
                0x20000070                . = ALIGN (0x4)
                0x20000070                _sbss = .
                0x20000070                _szero = .
 *(.bss .bss.*)
 .bss           0x20000070       0x1c c:/program files (x86)/gnu arm embedded toolchain/10 2020-q4-major/bin/../lib/gcc/arm-none-eabi/10.2.1/thumb/v6-m/nofp/crtbegin.o
 .bss.cpu_irq_critical_section_counter
                0x2000008c        0x4 common/utils/interrupt/interrupt_sam_nvic.o
 .bss.cpu_irq_prev_interrupt_state
                0x20000090        0x1 common/utils/interrupt/interrupt_sam_nvic.o
 *fill*         0x20000091        0x3 
 .bss.cdc_uart_module
                0x20000094       0x34 sam0/applications/getting-started/main.o
 .bss.count.1   0x200000c8        0x4 sam0/applications/getting-started/main.o
 .bss.tc_instance
                0x200000cc       0x1c sam0/applications/getting-started/main.o
 .bss._current_channel
                0x200000e8        0x1 sam0/drivers/extint/extint_callback.o
                0x200000e8                _current_channel
 *fill*         0x200000e9        0x3 
 .bss._extint_dev
                0x200000ec       0x40 sam0/drivers/extint/extint_sam_d_r_h/extint.o
                0x200000ec                _extint_dev
 .bss._sercom_config
                0x2000012c        0x2 sam0/drivers/sercom/sercom.o
 .bss._handler_table_initialized
                0x2000012e        0x1 sam0/drivers/sercom/sercom_interrupt.o
 *fill*         0x2000012f        0x1 
 .bss._sercom_instances
                0x20000130        0xc sam0/drivers/sercom/sercom_interrupt.o
                0x20000130                _sercom_instances
 .bss._sercom_interrupt_handlers
                0x2000013c        0xc sam0/drivers/sercom/sercom_interrupt.o
 .bss._system_clock_inst
                0x20000148       0x18 sam0/drivers/system/clock/clock_samd09_d10_d11/clock.o
 .bss._tc_instances
                0x20000160        0x8 sam0/drivers/tc/tc_interrupt.o
                0x20000160                _tc_instances
 .bss.ptr_get   0x20000168        0x4 sam0/utils/stdio/read.o
                0x20000168                ptr_get
 .bss.ptr_put   0x2000016c        0x4 sam0/utils/stdio/write.o
                0x2000016c                ptr_put
 .bss.stdio_base
                0x20000170        0x4 sam0/utils/stdio/write.o
                0x20000170                stdio_base
 .bss.heap.0    0x20000174        0x4 sam0/utils/syscalls/gcc/syscalls.o
 .bss.__lock___malloc_recursive_mutex
                0x20000178        0x1 c:/program files (x86)/gnu arm embedded toolchain/10 2020-q4-major/bin/../lib/gcc/arm-none-eabi/10.2.1/../../../../arm-none-eabi/lib/thumb/v6-m/nofp\libc_nano.a(lib_a-lock.o)
                0x20000178                __lock___malloc_recursive_mutex
 .bss.__lock___sfp_recursive_mutex
                0x20000179        0x1 c:/program files (x86)/gnu arm embedded toolchain/10 2020-q4-major/bin/../lib/gcc/arm-none-eabi/10.2.1/../../../../arm-none-eabi/lib/thumb/v6-m/nofp\libc_nano.a(lib_a-lock.o)
                0x20000179                __lock___sfp_recursive_mutex
 .bss.__lock___sinit_recursive_mutex
                0x2000017a        0x1 c:/program files (x86)/gnu arm embedded toolchain/10 2020-q4-major/bin/../lib/gcc/arm-none-eabi/10.2.1/../../../../arm-none-eabi/lib/thumb/v6-m/nofp\libc_nano.a(lib_a-lock.o)
                0x2000017a                __lock___sinit_recursive_mutex
 *fill*         0x2000017b        0x1 
 .bss.__malloc_free_list
                0x2000017c        0x4 c:/program files (x86)/gnu arm embedded toolchain/10 2020-q4-major/bin/../lib/gcc/arm-none-eabi/10.2.1/../../../../arm-none-eabi/lib/thumb/v6-m/nofp\libc_nano.a(lib_a-nano-mallocr.o)
                0x2000017c                __malloc_free_list
 .bss.__malloc_sbrk_start
                0x20000180        0x4 c:/program files (x86)/gnu arm embedded toolchain/10 2020-q4-major/bin/../lib/gcc/arm-none-eabi/10.2.1/../../../../arm-none-eabi/lib/thumb/v6-m/nofp\libc_nano.a(lib_a-nano-mallocr.o)
                0x20000180                __malloc_sbrk_start
 .bss.errno     0x20000184        0x4 c:/program files (x86)/gnu arm embedded toolchain/10 2020-q4-major/bin/../lib/gcc/arm-none-eabi/10.2.1/../../../../arm-none-eabi/lib/thumb/v6-m/nofp\libc_nano.a(lib_a-reent.o)
                0x20000184                errno
 *(COMMON)
                0x20000188                . = ALIGN (0x4)
                0x20000188                _ebss = .
                0x20000188                _ezero = .

.stack          0x20000188      0x400 load address 0x00002fe4
                0x20000188                . = ALIGN (0x8)
                0x20000188                _sstack = .
                0x20000588                . = (. + STACK_SIZE)
 *fill*         0x20000188      0x400 
                0x20000588                . = ALIGN (0x8)
                0x20000588                _estack = .
                0x20000588                . = ALIGN (0x4)
                0x20000588                _end = .
LOAD common/utils/interrupt/interrupt_sam_nvic.o
LOAD common2/services/delay/sam0/systick_counter.o
LOAD sam0/applications/getting-started/main.o
LOAD sam0/boards/samd10_xplained_mini/board_init.o
LOAD sam0/drivers/extint/extint_callback.o
LOAD sam0/drivers/extint/extint_sam_d_r_h/extint.o
LOAD sam0/drivers/port/port.o
LOAD sam0/drivers/sercom/sercom.o
LOAD sam0/drivers/sercom/sercom_interrupt.o
LOAD sam0/drivers/sercom/usart/usart.o
LOAD sam0/drivers/sercom/usart/usart_interrupt.o
LOAD sam0/drivers/system/clock/clock_samd09_d10_d11/clock.o
LOAD sam0/drivers/system/clock/clock_samd09_d10_d11/gclk.o
LOAD sam0/drivers/system/interrupt/system_interrupt.o
LOAD sam0/drivers/system/pinmux/pinmux.o
LOAD sam0/drivers/system/system.o
LOAD sam0/drivers/tc/tc_interrupt.o
LOAD sam0/drivers/tc/tc_sam_d_r_h/tc.o
LOAD sam0/utils/cmsis/samd10/source/gcc/startup_samd10.o
LOAD sam0/utils/cmsis/samd10/source/system_samd10.o
LOAD sam0/utils/stdio/read.o
LOAD sam0/utils/stdio/write.o
LOAD sam0/utils/syscalls/gcc/syscalls.o
LOAD ../../../../../thirdparty/CMSIS/Lib/GCC\libarm_cortexM0l_math.a
LOAD c:/program files (x86)/gnu arm embedded toolchain/10 2020-q4-major/bin/../lib/gcc/arm-none-eabi/10.2.1/../../../../arm-none-eabi/lib/thumb/v6-m/nofp\libstdc++_nano.a
LOAD c:/program files (x86)/gnu arm embedded toolchain/10 2020-q4-major/bin/../lib/gcc/arm-none-eabi/10.2.1/../../../../arm-none-eabi/lib/thumb/v6-m/nofp\libm.a
START GROUP
LOAD c:/program files (x86)/gnu arm embedded toolchain/10 2020-q4-major/bin/../lib/gcc/arm-none-eabi/10.2.1/thumb/v6-m/nofp\libgcc.a
LOAD c:/program files (x86)/gnu arm embedded toolchain/10 2020-q4-major/bin/../lib/gcc/arm-none-eabi/10.2.1/../../../../arm-none-eabi/lib/thumb/v6-m/nofp\libc_nano.a
END GROUP
START GROUP
LOAD c:/program files (x86)/gnu arm embedded toolchain/10 2020-q4-major/bin/../lib/gcc/arm-none-eabi/10.2.1/thumb/v6-m/nofp\libgcc.a
LOAD c:/program files (x86)/gnu arm embedded toolchain/10 2020-q4-major/bin/../lib/gcc/arm-none-eabi/10.2.1/../../../../arm-none-eabi/lib/thumb/v6-m/nofp\libc_nano.a
END GROUP
LOAD c:/program files (x86)/gnu arm embedded toolchain/10 2020-q4-major/bin/../lib/gcc/arm-none-eabi/10.2.1/thumb/v6-m/nofp/crtend.o
LOAD c:/program files (x86)/gnu arm embedded toolchain/10 2020-q4-major/bin/../lib/gcc/arm-none-eabi/10.2.1/thumb/v6-m/nofp/crtn.o
OUTPUT(getting-started_flash.elf elf32-littlearm)
LOAD linker stubs

.ARM.attributes
                0x00000000       0x28
 .ARM.attributes
                0x00000000       0x1e c:/program files (x86)/gnu arm embedded toolchain/10 2020-q4-major/bin/../lib/gcc/arm-none-eabi/10.2.1/thumb/v6-m/nofp/crti.o
 .ARM.attributes
                0x0000001e       0x2c c:/program files (x86)/gnu arm embedded toolchain/10 2020-q4-major/bin/../lib/gcc/arm-none-eabi/10.2.1/thumb/v6-m/nofp/crtbegin.o
 .ARM.attributes
                0x0000004a       0x2c common/utils/interrupt/interrupt_sam_nvic.o
 .ARM.attributes
                0x00000076       0x2c common2/services/delay/sam0/systick_counter.o
 .ARM.attributes
                0x000000a2       0x2c sam0/applications/getting-started/main.o
 .ARM.attributes
                0x000000ce       0x2c sam0/boards/samd10_xplained_mini/board_init.o
 .ARM.attributes
                0x000000fa       0x2c sam0/drivers/extint/extint_callback.o
 .ARM.attributes
                0x00000126       0x2c sam0/drivers/extint/extint_sam_d_r_h/extint.o
 .ARM.attributes
                0x00000152       0x2c sam0/drivers/port/port.o
 .ARM.attributes
                0x0000017e       0x2c sam0/drivers/sercom/sercom.o
 .ARM.attributes
                0x000001aa       0x2c sam0/drivers/sercom/sercom_interrupt.o
 .ARM.attributes
                0x000001d6       0x2c sam0/drivers/sercom/usart/usart.o
 .ARM.attributes
                0x00000202       0x2c sam0/drivers/sercom/usart/usart_interrupt.o
 .ARM.attributes
                0x0000022e       0x2c sam0/drivers/system/clock/clock_samd09_d10_d11/clock.o
 .ARM.attributes
                0x0000025a       0x2c sam0/drivers/system/clock/clock_samd09_d10_d11/gclk.o
 .ARM.attributes
                0x00000286       0x2c sam0/drivers/system/pinmux/pinmux.o
 .ARM.attributes
                0x000002b2       0x2c sam0/drivers/system/system.o
 .ARM.attributes
                0x000002de       0x2c sam0/drivers/tc/tc_interrupt.o
 .ARM.attributes
                0x0000030a       0x2c sam0/drivers/tc/tc_sam_d_r_h/tc.o
 .ARM.attributes
                0x00000336       0x2c sam0/utils/cmsis/samd10/source/gcc/startup_samd10.o
 .ARM.attributes
                0x00000362       0x2c sam0/utils/stdio/read.o
 .ARM.attributes
                0x0000038e       0x2c sam0/utils/stdio/write.o
 .ARM.attributes
                0x000003ba       0x2c sam0/utils/syscalls/gcc/syscalls.o
 .ARM.attributes
                0x000003e6       0x1e c:/program files (x86)/gnu arm embedded toolchain/10 2020-q4-major/bin/../lib/gcc/arm-none-eabi/10.2.1/thumb/v6-m/nofp\libgcc.a(_udivsi3.o)
 .ARM.attributes
                0x00000404       0x1e c:/program files (x86)/gnu arm embedded toolchain/10 2020-q4-major/bin/../lib/gcc/arm-none-eabi/10.2.1/thumb/v6-m/nofp\libgcc.a(_dvmd_tls.o)
 .ARM.attributes
                0x00000422       0x2c c:/program files (x86)/gnu arm embedded toolchain/10 2020-q4-major/bin/../lib/gcc/arm-none-eabi/10.2.1/thumb/v6-m/nofp\libgcc.a(_muldi3.o)
 .ARM.attributes
                0x0000044e       0x2c c:/program files (x86)/gnu arm embedded toolchain/10 2020-q4-major/bin/../lib/gcc/arm-none-eabi/10.2.1/../../../../arm-none-eabi/lib/thumb/v6-m/nofp\libc_nano.a(lib_a-impure.o)
 .ARM.attributes
                0x0000047a       0x2c c:/program files (x86)/gnu arm embedded toolchain/10 2020-q4-major/bin/../lib/gcc/arm-none-eabi/10.2.1/../../../../arm-none-eabi/lib/thumb/v6-m/nofp\libc_nano.a(lib_a-init.o)
 .ARM.attributes
                0x000004a6       0x2c c:/program files (x86)/gnu arm embedded toolchain/10 2020-q4-major/bin/../lib/gcc/arm-none-eabi/10.2.1/../../../../arm-none-eabi/lib/thumb/v6-m/nofp\libc_nano.a(lib_a-memset.o)
 .ARM.attributes
                0x000004d2       0x2c c:/program files (x86)/gnu arm embedded toolchain/10 2020-q4-major/bin/../lib/gcc/arm-none-eabi/10.2.1/../../../../arm-none-eabi/lib/thumb/v6-m/nofp\libc_nano.a(lib_a-printf.o)
 .ARM.attributes
                0x000004fe       0x2c c:/program files (x86)/gnu arm embedded toolchain/10 2020-q4-major/bin/../lib/gcc/arm-none-eabi/10.2.1/../../../../arm-none-eabi/lib/thumb/v6-m/nofp\libc_nano.a(lib_a-puts.o)
 .ARM.attributes
                0x0000052a       0x2c c:/program files (x86)/gnu arm embedded toolchain/10 2020-q4-major/bin/../lib/gcc/arm-none-eabi/10.2.1/../../../../arm-none-eabi/lib/thumb/v6-m/nofp\libc_nano.a(lib_a-setbuf.o)
 .ARM.attributes
                0x00000556       0x2c c:/program files (x86)/gnu arm embedded toolchain/10 2020-q4-major/bin/../lib/gcc/arm-none-eabi/10.2.1/../../../../arm-none-eabi/lib/thumb/v6-m/nofp\libc_nano.a(lib_a-setvbuf.o)
 .ARM.attributes
                0x00000582       0x2c c:/program files (x86)/gnu arm embedded toolchain/10 2020-q4-major/bin/../lib/gcc/arm-none-eabi/10.2.1/../../../../arm-none-eabi/lib/thumb/v6-m/nofp\libc_nano.a(lib_a-wbuf.o)
 .ARM.attributes
                0x000005ae       0x2c c:/program files (x86)/gnu arm embedded toolchain/10 2020-q4-major/bin/../lib/gcc/arm-none-eabi/10.2.1/../../../../arm-none-eabi/lib/thumb/v6-m/nofp\libc_nano.a(lib_a-wsetup.o)
 .ARM.attributes
                0x000005da       0x2c c:/program files (x86)/gnu arm embedded toolchain/10 2020-q4-major/bin/../lib/gcc/arm-none-eabi/10.2.1/../../../../arm-none-eabi/lib/thumb/v6-m/nofp\libc_nano.a(lib_a-fflush.o)
 .ARM.attributes
                0x00000606       0x2c c:/program files (x86)/gnu arm embedded toolchain/10 2020-q4-major/bin/../lib/gcc/arm-none-eabi/10.2.1/../../../../arm-none-eabi/lib/thumb/v6-m/nofp\libc_nano.a(lib_a-findfp.o)
 .ARM.attributes
                0x00000632       0x2c c:/program files (x86)/gnu arm embedded toolchain/10 2020-q4-major/bin/../lib/gcc/arm-none-eabi/10.2.1/../../../../arm-none-eabi/lib/thumb/v6-m/nofp\libc_nano.a(lib_a-fwalk.o)
 .ARM.attributes
                0x0000065e       0x2c c:/program files (x86)/gnu arm embedded toolchain/10 2020-q4-major/bin/../lib/gcc/arm-none-eabi/10.2.1/../../../../arm-none-eabi/lib/thumb/v6-m/nofp\libc_nano.a(lib_a-lock.o)
 .ARM.attributes
                0x0000068a       0x2c c:/program files (x86)/gnu arm embedded toolchain/10 2020-q4-major/bin/../lib/gcc/arm-none-eabi/10.2.1/../../../../arm-none-eabi/lib/thumb/v6-m/nofp\libc_nano.a(lib_a-makebuf.o)
 .ARM.attributes
                0x000006b6       0x2c c:/program files (x86)/gnu arm embedded toolchain/10 2020-q4-major/bin/../lib/gcc/arm-none-eabi/10.2.1/../../../../arm-none-eabi/lib/thumb/v6-m/nofp\libc_nano.a(lib_a-malloc.o)
 .ARM.attributes
                0x000006e2       0x2c c:/program files (x86)/gnu arm embedded toolchain/10 2020-q4-major/bin/../lib/gcc/arm-none-eabi/10.2.1/../../../../arm-none-eabi/lib/thumb/v6-m/nofp\libc_nano.a(lib_a-nano-freer.o)
 .ARM.attributes
                0x0000070e       0x2c c:/program files (x86)/gnu arm embedded toolchain/10 2020-q4-major/bin/../lib/gcc/arm-none-eabi/10.2.1/../../../../arm-none-eabi/lib/thumb/v6-m/nofp\libc_nano.a(lib_a-nano-mallocr.o)
 .ARM.attributes
                0x0000073a       0x2c c:/program files (x86)/gnu arm embedded toolchain/10 2020-q4-major/bin/../lib/gcc/arm-none-eabi/10.2.1/../../../../arm-none-eabi/lib/thumb/v6-m/nofp\libc_nano.a(lib_a-nano-vfprintf.o)
 .ARM.attributes
                0x00000766       0x2c c:/program files (x86)/gnu arm embedded toolchain/10 2020-q4-major/bin/../lib/gcc/arm-none-eabi/10.2.1/../../../../arm-none-eabi/lib/thumb/v6-m/nofp\libc_nano.a(lib_a-nano-vfprintf_i.o)
 .ARM.attributes
                0x00000792       0x2c c:/program files (x86)/gnu arm embedded toolchain/10 2020-q4-major/bin/../lib/gcc/arm-none-eabi/10.2.1/../../../../arm-none-eabi/lib/thumb/v6-m/nofp\libc_nano.a(lib_a-sbrkr.o)
 .ARM.attributes
                0x000007be       0x2c c:/program files (x86)/gnu arm embedded toolchain/10 2020-q4-major/bin/../lib/gcc/arm-none-eabi/10.2.1/../../../../arm-none-eabi/lib/thumb/v6-m/nofp\libc_nano.a(lib_a-stdio.o)
 .ARM.attributes
                0x000007ea       0x2c c:/program files (x86)/gnu arm embedded toolchain/10 2020-q4-major/bin/../lib/gcc/arm-none-eabi/10.2.1/../../../../arm-none-eabi/lib/thumb/v6-m/nofp\libc_nano.a(lib_a-writer.o)
 .ARM.attributes
                0x00000816       0x2c c:/program files (x86)/gnu arm embedded toolchain/10 2020-q4-major/bin/../lib/gcc/arm-none-eabi/10.2.1/../../../../arm-none-eabi/lib/thumb/v6-m/nofp\libc_nano.a(lib_a-closer.o)
 .ARM.attributes
                0x00000842       0x2c c:/program files (x86)/gnu arm embedded toolchain/10 2020-q4-major/bin/../lib/gcc/arm-none-eabi/10.2.1/../../../../arm-none-eabi/lib/thumb/v6-m/nofp\libc_nano.a(lib_a-fstatr.o)
 .ARM.attributes
                0x0000086e       0x2c c:/program files (x86)/gnu arm embedded toolchain/10 2020-q4-major/bin/../lib/gcc/arm-none-eabi/10.2.1/../../../../arm-none-eabi/lib/thumb/v6-m/nofp\libc_nano.a(lib_a-isattyr.o)
 .ARM.attributes
                0x0000089a       0x2c c:/program files (x86)/gnu arm embedded toolchain/10 2020-q4-major/bin/../lib/gcc/arm-none-eabi/10.2.1/../../../../arm-none-eabi/lib/thumb/v6-m/nofp\libc_nano.a(lib_a-lseekr.o)
 .ARM.attributes
                0x000008c6       0x2c c:/program files (x86)/gnu arm embedded toolchain/10 2020-q4-major/bin/../lib/gcc/arm-none-eabi/10.2.1/../../../../arm-none-eabi/lib/thumb/v6-m/nofp\libc_nano.a(lib_a-memchr-stub.o)
 .ARM.attributes
                0x000008f2       0x2c c:/program files (x86)/gnu arm embedded toolchain/10 2020-q4-major/bin/../lib/gcc/arm-none-eabi/10.2.1/../../../../arm-none-eabi/lib/thumb/v6-m/nofp\libc_nano.a(lib_a-mlock.o)
 .ARM.attributes
                0x0000091e       0x2c c:/program files (x86)/gnu arm embedded toolchain/10 2020-q4-major/bin/../lib/gcc/arm-none-eabi/10.2.1/../../../../arm-none-eabi/lib/thumb/v6-m/nofp\libc_nano.a(lib_a-readr.o)
 .ARM.attributes
                0x0000094a       0x2c c:/program files (x86)/gnu arm embedded toolchain/10 2020-q4-major/bin/../lib/gcc/arm-none-eabi/10.2.1/../../../../arm-none-eabi/lib/thumb/v6-m/nofp\libc_nano.a(lib_a-reent.o)
 .ARM.attributes
                0x00000976       0x1e c:/program files (x86)/gnu arm embedded toolchain/10 2020-q4-major/bin/../lib/gcc/arm-none-eabi/10.2.1/thumb/v6-m/nofp\libgcc.a(_thumb1_case_shi.o)
 .ARM.attributes
                0x00000994       0x1e c:/program files (x86)/gnu arm embedded toolchain/10 2020-q4-major/bin/../lib/gcc/arm-none-eabi/10.2.1/thumb/v6-m/nofp/crtn.o

.comment        0x00000000       0x4d
 .comment       0x00000000       0x4d common/utils/interrupt/interrupt_sam_nvic.o
                                 0x4e (size before relaxing)
 .comment       0x0000004d       0x4e common2/services/delay/sam0/systick_counter.o
 .comment       0x0000004d       0x4e sam0/applications/getting-started/main.o
 .comment       0x0000004d       0x4e sam0/boards/samd10_xplained_mini/board_init.o
 .comment       0x0000004d       0x4e sam0/drivers/extint/extint_callback.o
 .comment       0x0000004d       0x4e sam0/drivers/extint/extint_sam_d_r_h/extint.o
 .comment       0x0000004d       0x4e sam0/drivers/port/port.o
 .comment       0x0000004d       0x4e sam0/drivers/sercom/sercom.o
 .comment       0x0000004d       0x4e sam0/drivers/sercom/sercom_interrupt.o
 .comment       0x0000004d       0x4e sam0/drivers/sercom/usart/usart.o
 .comment       0x0000004d       0x4e sam0/drivers/sercom/usart/usart_interrupt.o
 .comment       0x0000004d       0x4e sam0/drivers/system/clock/clock_samd09_d10_d11/clock.o
 .comment       0x0000004d       0x4e sam0/drivers/system/clock/clock_samd09_d10_d11/gclk.o
 .comment       0x0000004d       0x4e sam0/drivers/system/pinmux/pinmux.o
 .comment       0x0000004d       0x4e sam0/drivers/system/system.o
 .comment       0x0000004d       0x4e sam0/drivers/tc/tc_interrupt.o
 .comment       0x0000004d       0x4e sam0/drivers/tc/tc_sam_d_r_h/tc.o
 .comment       0x0000004d       0x4e sam0/utils/cmsis/samd10/source/gcc/startup_samd10.o
 .comment       0x0000004d       0x4e sam0/utils/stdio/read.o
 .comment       0x0000004d       0x4e sam0/utils/stdio/write.o
 .comment       0x0000004d       0x4e sam0/utils/syscalls/gcc/syscalls.o

.debug_info     0x00000000    0x1f6e5
 .debug_info    0x00000000      0x202 common/utils/interrupt/interrupt_sam_nvic.o
 .debug_info    0x00000202      0x27b common2/services/delay/sam0/systick_counter.o
 .debug_info    0x0000047d     0x55ad sam0/applications/getting-started/main.o
 .debug_info    0x00005a2a      0x9c3 sam0/boards/samd10_xplained_mini/board_init.o
 .debug_info    0x000063ed      0xdce sam0/drivers/extint/extint_callback.o
 .debug_info    0x000071bb     0x1eec sam0/drivers/extint/extint_sam_d_r_h/extint.o
 .debug_info    0x000090a7      0x9d6 sam0/drivers/port/port.o
 .debug_info    0x00009a7d     0x24b8 sam0/drivers/sercom/sercom.o
 .debug_info    0x0000bf35     0x21ca sam0/drivers/sercom/sercom_interrupt.o
 .debug_info    0x0000e0ff     0x428c sam0/drivers/sercom/usart/usart.o
 .debug_info    0x0001238b     0x27d0 sam0/drivers/sercom/usart/usart_interrupt.o
 .debug_info    0x00014b5b     0x2daf sam0/drivers/system/clock/clock_samd09_d10_d11/clock.o
 .debug_info    0x0001790a     0x1637 sam0/drivers/system/clock/clock_samd09_d10_d11/gclk.o
 .debug_info    0x00018f41      0xb36 sam0/drivers/system/pinmux/pinmux.o
 .debug_info    0x00019a77      0x145 sam0/drivers/system/system.o
 .debug_info    0x00019bbc     0x11ea sam0/drivers/tc/tc_interrupt.o
 .debug_info    0x0001ada6     0x26e8 sam0/drivers/tc/tc_sam_d_r_h/tc.o
 .debug_info    0x0001d48e     0x1a5b sam0/utils/cmsis/samd10/source/gcc/startup_samd10.o
 .debug_info    0x0001eee9      0x1bc sam0/utils/stdio/read.o
 .debug_info    0x0001f0a5      0x1ba sam0/utils/stdio/write.o
 .debug_info    0x0001f25f      0x486 sam0/utils/syscalls/gcc/syscalls.o

.debug_abbrev   0x00000000     0x3b24
 .debug_abbrev  0x00000000      0x130 common/utils/interrupt/interrupt_sam_nvic.o
 .debug_abbrev  0x00000130      0x16f common2/services/delay/sam0/systick_counter.o
 .debug_abbrev  0x0000029f      0x5c7 sam0/applications/getting-started/main.o
 .debug_abbrev  0x00000866      0x264 sam0/boards/samd10_xplained_mini/board_init.o
 .debug_abbrev  0x00000aca      0x2fd sam0/drivers/extint/extint_callback.o
 .debug_abbrev  0x00000dc7      0x4c2 sam0/drivers/extint/extint_sam_d_r_h/extint.o
 .debug_abbrev  0x00001289      0x215 sam0/drivers/port/port.o
 .debug_abbrev  0x0000149e      0x2f7 sam0/drivers/sercom/sercom.o
 .debug_abbrev  0x00001795      0x281 sam0/drivers/sercom/sercom_interrupt.o
 .debug_abbrev  0x00001a16      0x48f sam0/drivers/sercom/usart/usart.o
 .debug_abbrev  0x00001ea5      0x3c8 sam0/drivers/sercom/usart/usart_interrupt.o
 .debug_abbrev  0x0000226d      0x442 sam0/drivers/system/clock/clock_samd09_d10_d11/clock.o
 .debug_abbrev  0x000026af      0x3ca sam0/drivers/system/clock/clock_samd09_d10_d11/gclk.o
 .debug_abbrev  0x00002a79      0x2cc sam0/drivers/system/pinmux/pinmux.o
 .debug_abbrev  0x00002d45       0xb1 sam0/drivers/system/system.o
 .debug_abbrev  0x00002df6      0x2bb sam0/drivers/tc/tc_interrupt.o
 .debug_abbrev  0x000030b1      0x473 sam0/drivers/tc/tc_sam_d_r_h/tc.o
 .debug_abbrev  0x00003524      0x254 sam0/utils/cmsis/samd10/source/gcc/startup_samd10.o
 .debug_abbrev  0x00003778      0x123 sam0/utils/stdio/read.o
 .debug_abbrev  0x0000389b       0xfd sam0/utils/stdio/write.o
 .debug_abbrev  0x00003998      0x18c sam0/utils/syscalls/gcc/syscalls.o

.debug_loc      0x00000000     0x5d31
 .debug_loc     0x00000000       0x15 common/utils/interrupt/interrupt_sam_nvic.o
 .debug_loc     0x00000015       0xae common2/services/delay/sam0/systick_counter.o
 .debug_loc     0x000000c3      0x60e sam0/applications/getting-started/main.o
 .debug_loc     0x000006d1       0x68 sam0/boards/samd10_xplained_mini/board_init.o
 .debug_loc     0x00000739      0x2d9 sam0/drivers/extint/extint_callback.o
 .debug_loc     0x00000a12      0x4b7 sam0/drivers/extint/extint_sam_d_r_h/extint.o
 .debug_loc     0x00000ec9      0x11b sam0/drivers/port/port.o
 .debug_loc     0x00000fe4      0x99b sam0/drivers/sercom/sercom.o
 .debug_loc     0x0000197f       0x9f sam0/drivers/sercom/sercom_interrupt.o
 .debug_loc     0x00001a1e      0xeb4 sam0/drivers/sercom/usart/usart.o
 .debug_loc     0x000028d2      0x6d3 sam0/drivers/sercom/usart/usart_interrupt.o
 .debug_loc     0x00002fa5     0x111c sam0/drivers/system/clock/clock_samd09_d10_d11/clock.o
 .debug_loc     0x000040c1      0x3c3 sam0/drivers/system/clock/clock_samd09_d10_d11/gclk.o
 .debug_loc     0x00004484      0x463 sam0/drivers/system/pinmux/pinmux.o
 .debug_loc     0x000048e7      0x112 sam0/drivers/tc/tc_interrupt.o
 .debug_loc     0x000049f9      0xfea sam0/drivers/tc/tc_sam_d_r_h/tc.o
 .debug_loc     0x000059e3       0x31 sam0/utils/cmsis/samd10/source/gcc/startup_samd10.o
 .debug_loc     0x00005a14       0xc4 sam0/utils/stdio/read.o
 .debug_loc     0x00005ad8      0x14c sam0/utils/stdio/write.o
 .debug_loc     0x00005c24      0x10d sam0/utils/syscalls/gcc/syscalls.o

.debug_aranges  0x00000000      0x578
 .debug_aranges
                0x00000000       0x28 common/utils/interrupt/interrupt_sam_nvic.o
 .debug_aranges
                0x00000028       0x30 common2/services/delay/sam0/systick_counter.o
 .debug_aranges
                0x00000058       0x40 sam0/applications/getting-started/main.o
 .debug_aranges
                0x00000098       0x20 sam0/boards/samd10_xplained_mini/board_init.o
 .debug_aranges
                0x000000b8       0x48 sam0/drivers/extint/extint_callback.o
 .debug_aranges
                0x00000100       0x50 sam0/drivers/extint/extint_sam_d_r_h/extint.o
 .debug_aranges
                0x00000150       0x28 sam0/drivers/port/port.o
 .debug_aranges
                0x00000178       0x48 sam0/drivers/sercom/sercom.o
 .debug_aranges
                0x000001c0       0x48 sam0/drivers/sercom/sercom_interrupt.o
 .debug_aranges
                0x00000208       0x40 sam0/drivers/sercom/usart/usart.o
 .debug_aranges
                0x00000248       0x70 sam0/drivers/sercom/usart/usart_interrupt.o
 .debug_aranges
                0x000002b8       0x78 sam0/drivers/system/clock/clock_samd09_d10_d11/clock.o
 .debug_aranges
                0x00000330       0x80 sam0/drivers/system/clock/clock_samd09_d10_d11/gclk.o
 .debug_aranges
                0x000003b0       0x40 sam0/drivers/system/pinmux/pinmux.o
 .debug_aranges
                0x000003f0       0x28 sam0/drivers/system/system.o
 .debug_aranges
                0x00000418       0x40 sam0/drivers/tc/tc_interrupt.o
 .debug_aranges
                0x00000458       0x58 sam0/drivers/tc/tc_sam_d_r_h/tc.o
 .debug_aranges
                0x000004b0       0x28 sam0/utils/cmsis/samd10/source/gcc/startup_samd10.o
 .debug_aranges
                0x000004d8       0x20 sam0/utils/stdio/read.o
 .debug_aranges
                0x000004f8       0x20 sam0/utils/stdio/write.o
 .debug_aranges
                0x00000518       0x60 sam0/utils/syscalls/gcc/syscalls.o

.debug_ranges   0x00000000      0xa58
 .debug_ranges  0x00000000       0x18 common/utils/interrupt/interrupt_sam_nvic.o
 .debug_ranges  0x00000018       0x50 common2/services/delay/sam0/systick_counter.o
 .debug_ranges  0x00000068      0x1a0 sam0/applications/getting-started/main.o
 .debug_ranges  0x00000208       0x28 sam0/boards/samd10_xplained_mini/board_init.o
 .debug_ranges  0x00000230       0x70 sam0/drivers/extint/extint_callback.o
 .debug_ranges  0x000002a0       0x70 sam0/drivers/extint/extint_sam_d_r_h/extint.o
 .debug_ranges  0x00000310       0x18 sam0/drivers/port/port.o
 .debug_ranges  0x00000328       0x70 sam0/drivers/sercom/sercom.o
 .debug_ranges  0x00000398       0x38 sam0/drivers/sercom/sercom_interrupt.o
 .debug_ranges  0x000003d0      0x178 sam0/drivers/sercom/usart/usart.o
 .debug_ranges  0x00000548       0x60 sam0/drivers/sercom/usart/usart_interrupt.o
 .debug_ranges  0x000005a8       0x80 sam0/drivers/system/clock/clock_samd09_d10_d11/clock.o
 .debug_ranges  0x00000628      0x160 sam0/drivers/system/clock/clock_samd09_d10_d11/gclk.o
 .debug_ranges  0x00000788       0x48 sam0/drivers/system/pinmux/pinmux.o
 .debug_ranges  0x000007d0       0x18 sam0/drivers/system/system.o
 .debug_ranges  0x000007e8       0x30 sam0/drivers/tc/tc_interrupt.o
 .debug_ranges  0x00000818      0x1b8 sam0/drivers/tc/tc_sam_d_r_h/tc.o
 .debug_ranges  0x000009d0       0x18 sam0/utils/cmsis/samd10/source/gcc/startup_samd10.o
 .debug_ranges  0x000009e8       0x10 sam0/utils/stdio/read.o
 .debug_ranges  0x000009f8       0x10 sam0/utils/stdio/write.o
 .debug_ranges  0x00000a08       0x50 sam0/utils/syscalls/gcc/syscalls.o

.debug_macro    0x00000000    0x1700b
 .debug_macro   0x00000000      0x4ae common/utils/interrupt/interrupt_sam_nvic.o
 .debug_macro   0x000004ae      0xa72 common/utils/interrupt/interrupt_sam_nvic.o
 .debug_macro   0x00000f20      0x16d common/utils/interrupt/interrupt_sam_nvic.o
 .debug_macro   0x0000108d      0x71d common/utils/interrupt/interrupt_sam_nvic.o
 .debug_macro   0x000017aa       0x22 common/utils/interrupt/interrupt_sam_nvic.o
 .debug_macro   0x000017cc       0x8e common/utils/interrupt/interrupt_sam_nvic.o
 .debug_macro   0x0000185a       0x51 common/utils/interrupt/interrupt_sam_nvic.o
 .debug_macro   0x000018ab      0x103 common/utils/interrupt/interrupt_sam_nvic.o
 .debug_macro   0x000019ae       0x6a common/utils/interrupt/interrupt_sam_nvic.o
 .debug_macro   0x00001a18      0x1df common/utils/interrupt/interrupt_sam_nvic.o
 .debug_macro   0x00001bf7       0x10 common/utils/interrupt/interrupt_sam_nvic.o
 .debug_macro   0x00001c07       0x76 common/utils/interrupt/interrupt_sam_nvic.o
 .debug_macro   0x00001c7d       0x16 common/utils/interrupt/interrupt_sam_nvic.o
 .debug_macro   0x00001c93      0x6db common/utils/interrupt/interrupt_sam_nvic.o
 .debug_macro   0x0000236e      0xdd8 common/utils/interrupt/interrupt_sam_nvic.o
 .debug_macro   0x00003146       0x22 common/utils/interrupt/interrupt_sam_nvic.o
 .debug_macro   0x00003168       0x40 common/utils/interrupt/interrupt_sam_nvic.o
 .debug_macro   0x000031a8       0x1c common/utils/interrupt/interrupt_sam_nvic.o
 .debug_macro   0x000031c4       0x22 common/utils/interrupt/interrupt_sam_nvic.o
 .debug_macro   0x000031e6       0xaf common/utils/interrupt/interrupt_sam_nvic.o
 .debug_macro   0x00003295      0x3ad common/utils/interrupt/interrupt_sam_nvic.o
 .debug_macro   0x00003642      0x682 common/utils/interrupt/interrupt_sam_nvic.o
 .debug_macro   0x00003cc4      0x8b8 common/utils/interrupt/interrupt_sam_nvic.o
 .debug_macro   0x0000457c      0x233 common/utils/interrupt/interrupt_sam_nvic.o
 .debug_macro   0x000047af      0xbd4 common/utils/interrupt/interrupt_sam_nvic.o
 .debug_macro   0x00005383      0x5b8 common/utils/interrupt/interrupt_sam_nvic.o
 .debug_macro   0x0000593b      0x7c8 common/utils/interrupt/interrupt_sam_nvic.o
 .debug_macro   0x00006103      0x4e3 common/utils/interrupt/interrupt_sam_nvic.o
 .debug_macro   0x000065e6      0x3a2 common/utils/interrupt/interrupt_sam_nvic.o
 .debug_macro   0x00006988      0x190 common/utils/interrupt/interrupt_sam_nvic.o
 .debug_macro   0x00006b18      0x21f common/utils/interrupt/interrupt_sam_nvic.o
 .debug_macro   0x00006d37      0x73c common/utils/interrupt/interrupt_sam_nvic.o
 .debug_macro   0x00007473       0x5e common/utils/interrupt/interrupt_sam_nvic.o
 .debug_macro   0x000074d1      0x60e common/utils/interrupt/interrupt_sam_nvic.o
 .debug_macro   0x00007adf      0x3b6 common/utils/interrupt/interrupt_sam_nvic.o
 .debug_macro   0x00007e95      0xc53 common/utils/interrupt/interrupt_sam_nvic.o
 .debug_macro   0x00008ae8     0x1092 common/utils/interrupt/interrupt_sam_nvic.o
 .debug_macro   0x00009b7a      0xc19 common/utils/interrupt/interrupt_sam_nvic.o
 .debug_macro   0x0000a793      0x6ba common/utils/interrupt/interrupt_sam_nvic.o
 .debug_macro   0x0000ae4d     0x1b8a common/utils/interrupt/interrupt_sam_nvic.o
 .debug_macro   0x0000c9d7      0x347 common/utils/interrupt/interrupt_sam_nvic.o
 .debug_macro   0x0000cd1e       0x7c common/utils/interrupt/interrupt_sam_nvic.o
 .debug_macro   0x0000cd9a       0xa0 common/utils/interrupt/interrupt_sam_nvic.o
 .debug_macro   0x0000ce3a       0x4c common/utils/interrupt/interrupt_sam_nvic.o
 .debug_macro   0x0000ce86       0xca common/utils/interrupt/interrupt_sam_nvic.o
 .debug_macro   0x0000cf50       0xbe common/utils/interrupt/interrupt_sam_nvic.o
 .debug_macro   0x0000d00e       0x58 common/utils/interrupt/interrupt_sam_nvic.o
 .debug_macro   0x0000d066      0x21d common/utils/interrupt/interrupt_sam_nvic.o
 .debug_macro   0x0000d283       0x82 common/utils/interrupt/interrupt_sam_nvic.o
 .debug_macro   0x0000d305      0x190 common/utils/interrupt/interrupt_sam_nvic.o
 .debug_macro   0x0000d495       0xa0 common/utils/interrupt/interrupt_sam_nvic.o
 .debug_macro   0x0000d535       0xc4 common/utils/interrupt/interrupt_sam_nvic.o
 .debug_macro   0x0000d5f9       0x1c common/utils/interrupt/interrupt_sam_nvic.o
 .debug_macro   0x0000d615       0x1c common/utils/interrupt/interrupt_sam_nvic.o
 .debug_macro   0x0000d631       0x1c common/utils/interrupt/interrupt_sam_nvic.o
 .debug_macro   0x0000d64d       0x82 common/utils/interrupt/interrupt_sam_nvic.o
 .debug_macro   0x0000d6cf      0x112 common/utils/interrupt/interrupt_sam_nvic.o
 .debug_macro   0x0000d7e1       0xdc common/utils/interrupt/interrupt_sam_nvic.o
 .debug_macro   0x0000d8bd      0x129 common/utils/interrupt/interrupt_sam_nvic.o
 .debug_macro   0x0000d9e6      0x129 common/utils/interrupt/interrupt_sam_nvic.o
 .debug_macro   0x0000db0f      0x129 common/utils/interrupt/interrupt_sam_nvic.o
 .debug_macro   0x0000dc38      0x11e common/utils/interrupt/interrupt_sam_nvic.o
 .debug_macro   0x0000dd56       0xe2 common/utils/interrupt/interrupt_sam_nvic.o
 .debug_macro   0x0000de38       0xe2 common/utils/interrupt/interrupt_sam_nvic.o
 .debug_macro   0x0000df1a      0x12a common/utils/interrupt/interrupt_sam_nvic.o
 .debug_macro   0x0000e044       0x40 common/utils/interrupt/interrupt_sam_nvic.o
 .debug_macro   0x0000e084      0x2d5 common/utils/interrupt/interrupt_sam_nvic.o
 .debug_macro   0x0000e359      0xf20 common/utils/interrupt/interrupt_sam_nvic.o
 .debug_macro   0x0000f279       0x5f common/utils/interrupt/interrupt_sam_nvic.o
 .debug_macro   0x0000f2d8       0x64 common/utils/interrupt/interrupt_sam_nvic.o
 .debug_macro   0x0000f33c       0x18 common/utils/interrupt/interrupt_sam_nvic.o
 .debug_macro   0x0000f354       0x35 common/utils/interrupt/interrupt_sam_nvic.o
 .debug_macro   0x0000f389       0x34 common/utils/interrupt/interrupt_sam_nvic.o
 .debug_macro   0x0000f3bd       0x16 common/utils/interrupt/interrupt_sam_nvic.o
 .debug_macro   0x0000f3d3       0x35 common/utils/interrupt/interrupt_sam_nvic.o
 .debug_macro   0x0000f408      0x356 common/utils/interrupt/interrupt_sam_nvic.o
 .debug_macro   0x0000f75e       0x10 common/utils/interrupt/interrupt_sam_nvic.o
 .debug_macro   0x0000f76e       0x16 common/utils/interrupt/interrupt_sam_nvic.o
 .debug_macro   0x0000f784       0x43 common/utils/interrupt/interrupt_sam_nvic.o
 .debug_macro   0x0000f7c7       0x34 common/utils/interrupt/interrupt_sam_nvic.o
 .debug_macro   0x0000f7fb       0x10 common/utils/interrupt/interrupt_sam_nvic.o
 .debug_macro   0x0000f80b       0x58 common/utils/interrupt/interrupt_sam_nvic.o
 .debug_macro   0x0000f863      0x182 common/utils/interrupt/interrupt_sam_nvic.o
 .debug_macro   0x0000f9e5       0x10 common/utils/interrupt/interrupt_sam_nvic.o
 .debug_macro   0x0000f9f5       0x1c common/utils/interrupt/interrupt_sam_nvic.o
 .debug_macro   0x0000fa11       0x52 common/utils/interrupt/interrupt_sam_nvic.o
 .debug_macro   0x0000fa63       0x22 common/utils/interrupt/interrupt_sam_nvic.o
 .debug_macro   0x0000fa85       0x10 common/utils/interrupt/interrupt_sam_nvic.o
 .debug_macro   0x0000fa95       0x40 common/utils/interrupt/interrupt_sam_nvic.o
 .debug_macro   0x0000fad5       0xd5 common/utils/interrupt/interrupt_sam_nvic.o
 .debug_macro   0x0000fbaa       0x1c common/utils/interrupt/interrupt_sam_nvic.o
 .debug_macro   0x0000fbc6       0x3d common/utils/interrupt/interrupt_sam_nvic.o
 .debug_macro   0x0000fc03       0x16 common/utils/interrupt/interrupt_sam_nvic.o
 .debug_macro   0x0000fc19      0x16f common/utils/interrupt/interrupt_sam_nvic.o
 .debug_macro   0x0000fd88       0x16 common/utils/interrupt/interrupt_sam_nvic.o
 .debug_macro   0x0000fd9e       0x16 common/utils/interrupt/interrupt_sam_nvic.o
 .debug_macro   0x0000fdb4       0x29 common/utils/interrupt/interrupt_sam_nvic.o
 .debug_macro   0x0000fddd       0x51 common/utils/interrupt/interrupt_sam_nvic.o
 .debug_macro   0x0000fe2e      0x3df common/utils/interrupt/interrupt_sam_nvic.o
 .debug_macro   0x0001020d       0x3e common/utils/interrupt/interrupt_sam_nvic.o
 .debug_macro   0x0001024b      0x4e9 common2/services/delay/sam0/systick_counter.o
 .debug_macro   0x00010734       0x11 common2/services/delay/sam0/systick_counter.o
 .debug_macro   0x00010745       0x16 common2/services/delay/sam0/systick_counter.o
 .debug_macro   0x0001075b       0x16 common2/services/delay/sam0/systick_counter.o
 .debug_macro   0x00010771      0x611 sam0/applications/getting-started/main.o
 .debug_macro   0x00010d82       0x18 sam0/applications/getting-started/main.o
 .debug_macro   0x00010d9a       0x19 sam0/applications/getting-started/main.o
 .debug_macro   0x00010db3      0x2df sam0/applications/getting-started/main.o
 .debug_macro   0x00011092       0x10 sam0/applications/getting-started/main.o
 .debug_macro   0x000110a2      0x112 sam0/applications/getting-started/main.o
 .debug_macro   0x000111b4       0x11 sam0/applications/getting-started/main.o
 .debug_macro   0x000111c5       0x16 sam0/applications/getting-started/main.o
 .debug_macro   0x000111db       0x2e sam0/applications/getting-started/main.o
 .debug_macro   0x00011209       0x5e sam0/applications/getting-started/main.o
 .debug_macro   0x00011267       0x10 sam0/applications/getting-started/main.o
 .debug_macro   0x00011277       0x57 sam0/applications/getting-started/main.o
 .debug_macro   0x000112ce       0x6c sam0/applications/getting-started/main.o
 .debug_macro   0x0001133a       0x34 sam0/applications/getting-started/main.o
 .debug_macro   0x0001136e      0x4eb sam0/boards/samd10_xplained_mini/board_init.o
 .debug_macro   0x00011859      0x4d3 sam0/drivers/extint/extint_callback.o
 .debug_macro   0x00011d2c      0x52d sam0/drivers/extint/extint_sam_d_r_h/extint.o
 .debug_macro   0x00012259       0x1f sam0/drivers/extint/extint_sam_d_r_h/extint.o
 .debug_macro   0x00012278       0x10 sam0/drivers/extint/extint_sam_d_r_h/extint.o
 .debug_macro   0x00012288      0x4ca sam0/drivers/port/port.o
 .debug_macro   0x00012752      0x53b sam0/drivers/sercom/sercom.o
 .debug_macro   0x00012c8d      0x538 sam0/drivers/sercom/sercom_interrupt.o
 .debug_macro   0x000131c5      0x54c sam0/drivers/sercom/usart/usart.o
 .debug_macro   0x00013711       0x51 sam0/drivers/sercom/usart/usart.o
 .debug_macro   0x00013762      0x54c sam0/drivers/sercom/usart/usart_interrupt.o
 .debug_macro   0x00013cae      0x513 sam0/drivers/system/clock/clock_samd09_d10_d11/clock.o
 .debug_macro   0x000141c1      0x22f sam0/drivers/system/clock/clock_samd09_d10_d11/clock.o
 .debug_macro   0x000143f0      0x4e4 sam0/drivers/system/clock/clock_samd09_d10_d11/gclk.o
 .debug_macro   0x000148d4      0x4be sam0/drivers/system/pinmux/pinmux.o
 .debug_macro   0x00014d92       0x12 sam0/drivers/system/pinmux/pinmux.o
 .debug_macro   0x00014da4      0x4f1 sam0/drivers/system/system.o
 .debug_macro   0x00015295      0x51b sam0/drivers/tc/tc_interrupt.o
 .debug_macro   0x000157b0       0x19 sam0/drivers/tc/tc_interrupt.o
 .debug_macro   0x000157c9       0x51 sam0/drivers/tc/tc_interrupt.o
 .debug_macro   0x0001581a      0x537 sam0/drivers/tc/tc_sam_d_r_h/tc.o
 .debug_macro   0x00015d51      0x28e sam0/utils/cmsis/samd10/source/gcc/startup_samd10.o
 .debug_macro   0x00015fdf       0x3a sam0/utils/cmsis/samd10/source/gcc/startup_samd10.o
 .debug_macro   0x00016019      0x4ae sam0/utils/stdio/read.o
 .debug_macro   0x000164c7      0x4ae sam0/utils/stdio/write.o
 .debug_macro   0x00016975      0x1dd sam0/utils/syscalls/gcc/syscalls.o
 .debug_macro   0x00016b52       0x5e sam0/utils/syscalls/gcc/syscalls.o
 .debug_macro   0x00016bb0       0x94 sam0/utils/syscalls/gcc/syscalls.o
 .debug_macro   0x00016c44       0x57 sam0/utils/syscalls/gcc/syscalls.o
 .debug_macro   0x00016c9b       0x97 sam0/utils/syscalls/gcc/syscalls.o
 .debug_macro   0x00016d32       0xf6 sam0/utils/syscalls/gcc/syscalls.o
 .debug_macro   0x00016e28       0x4c sam0/utils/syscalls/gcc/syscalls.o
 .debug_macro   0x00016e74       0x16 sam0/utils/syscalls/gcc/syscalls.o
 .debug_macro   0x00016e8a       0x10 sam0/utils/syscalls/gcc/syscalls.o
 .debug_macro   0x00016e9a       0x10 sam0/utils/syscalls/gcc/syscalls.o
 .debug_macro   0x00016eaa       0x35 sam0/utils/syscalls/gcc/syscalls.o
 .debug_macro   0x00016edf      0x12c sam0/utils/syscalls/gcc/syscalls.o

.debug_line     0x00000000    0x10a0b
 .debug_line    0x00000000      0x90a common/utils/interrupt/interrupt_sam_nvic.o
 .debug_line    0x0000090a      0xa56 common2/services/delay/sam0/systick_counter.o
 .debug_line    0x00001360     0x153c sam0/applications/getting-started/main.o
 .debug_line    0x0000289c      0x9f2 sam0/boards/samd10_xplained_mini/board_init.o
 .debug_line    0x0000328e      0xad1 sam0/drivers/extint/extint_callback.o
 .debug_line    0x00003d5f      0xfdf sam0/drivers/extint/extint_sam_d_r_h/extint.o
 .debug_line    0x00004d3e      0x93c sam0/drivers/port/port.o
 .debug_line    0x0000567a      0xd58 sam0/drivers/sercom/sercom.o
 .debug_line    0x000063d2      0xbab sam0/drivers/sercom/sercom_interrupt.o
 .debug_line    0x00006f7d     0x12bb sam0/drivers/sercom/usart/usart.o
 .debug_line    0x00008238     0x10b9 sam0/drivers/sercom/usart/usart_interrupt.o
 .debug_line    0x000092f1     0x121c sam0/drivers/system/clock/clock_samd09_d10_d11/clock.o
 .debug_line    0x0000a50d     0x118d sam0/drivers/system/clock/clock_samd09_d10_d11/gclk.o
 .debug_line    0x0000b69a      0xace sam0/drivers/system/pinmux/pinmux.o
 .debug_line    0x0000c168      0x9de sam0/drivers/system/system.o
 .debug_line    0x0000cb46      0xb34 sam0/drivers/tc/tc_interrupt.o
 .debug_line    0x0000d67a     0x171c sam0/drivers/tc/tc_sam_d_r_h/tc.o
 .debug_line    0x0000ed96      0x68e sam0/utils/cmsis/samd10/source/gcc/startup_samd10.o
 .debug_line    0x0000f424      0x8b0 sam0/utils/stdio/read.o
 .debug_line    0x0000fcd4      0x8a3 sam0/utils/stdio/write.o
 .debug_line    0x00010577      0x494 sam0/utils/syscalls/gcc/syscalls.o

.debug_str      0x00000000    0x712e3
 .debug_str     0x00000000    0x67e28 common/utils/interrupt/interrupt_sam_nvic.o
                              0x68293 (size before relaxing)
 .debug_str     0x00067e28      0x2b8 common2/services/delay/sam0/systick_counter.o
                              0x6849d (size before relaxing)
 .debug_str     0x000680e0     0x41ea sam0/applications/getting-started/main.o
                              0x6c8a9 (size before relaxing)
 .debug_str     0x0006c2ca       0x58 sam0/boards/samd10_xplained_mini/board_init.o
                              0x6943b (size before relaxing)
 .debug_str     0x0006c322      0x360 sam0/drivers/extint/extint_callback.o
                              0x689d0 (size before relaxing)
 .debug_str     0x0006c682      0x629 sam0/drivers/extint/extint_sam_d_r_h/extint.o
                              0x69804 (size before relaxing)
 .debug_str     0x0006ccab       0x62 sam0/drivers/port/port.o
                              0x68696 (size before relaxing)
 .debug_str     0x0006cd0d      0x3ba sam0/drivers/sercom/sercom.o
                              0x696b0 (size before relaxing)
 .debug_str     0x0006d0c7      0x191 sam0/drivers/sercom/sercom_interrupt.o
                              0x6941b (size before relaxing)
 .debug_str     0x0006d258      0x3ec sam0/drivers/sercom/usart/usart.o
                              0x6a4e3 (size before relaxing)
 .debug_str     0x0006d644      0x1de sam0/drivers/sercom/usart/usart_interrupt.o
                              0x6973d (size before relaxing)
 .debug_str     0x0006d822     0x2497 sam0/drivers/system/clock/clock_samd09_d10_d11/clock.o
                              0x6b0e1 (size before relaxing)
 .debug_str     0x0006fcb9      0x1c3 sam0/drivers/system/clock/clock_samd09_d10_d11/gclk.o
                              0x68ee3 (size before relaxing)
 .debug_str     0x0006fe7c      0x17d sam0/drivers/system/pinmux/pinmux.o
                              0x68721 (size before relaxing)
 .debug_str     0x0006fff9       0x3f sam0/drivers/system/system.o
                              0x6835c (size before relaxing)
 .debug_str     0x00070038       0xe2 sam0/drivers/tc/tc_interrupt.o
                              0x68f88 (size before relaxing)
 .debug_str     0x0007011a      0x1fc sam0/drivers/tc/tc_sam_d_r_h/tc.o
                              0x6986a (size before relaxing)
 .debug_str     0x00070316      0x7e1 sam0/utils/cmsis/samd10/source/gcc/startup_samd10.o
                              0x530d4 (size before relaxing)
 .debug_str     0x00070af7       0x2e sam0/utils/stdio/read.o
                              0x6822c (size before relaxing)
 .debug_str     0x00070b25       0x28 sam0/utils/stdio/write.o
                              0x6822e (size before relaxing)
 .debug_str     0x00070b4d      0x796 sam0/utils/syscalls/gcc/syscalls.o
                               0x75c4 (size before relaxing)

.debug_frame    0x00000000     0x1504
 .debug_frame   0x00000000       0x30 common/utils/interrupt/interrupt_sam_nvic.o
 .debug_frame   0x00000030       0x60 common2/services/delay/sam0/systick_counter.o
 .debug_frame   0x00000090       0x90 sam0/applications/getting-started/main.o
 .debug_frame   0x00000120       0x30 sam0/boards/samd10_xplained_mini/board_init.o
 .debug_frame   0x00000150       0x8c sam0/drivers/extint/extint_callback.o
 .debug_frame   0x000001dc       0xb8 sam0/drivers/extint/extint_sam_d_r_h/extint.o
 .debug_frame   0x00000294       0x44 sam0/drivers/port/port.o
 .debug_frame   0x000002d8       0xc0 sam0/drivers/sercom/sercom.o
 .debug_frame   0x00000398       0xa0 sam0/drivers/sercom/sercom_interrupt.o
 .debug_frame   0x00000438       0xb0 sam0/drivers/sercom/usart/usart.o
 .debug_frame   0x000004e8      0x110 sam0/drivers/sercom/usart/usart_interrupt.o
 .debug_frame   0x000005f8      0x150 sam0/drivers/system/clock/clock_samd09_d10_d11/clock.o
 .debug_frame   0x00000748      0x148 sam0/drivers/system/clock/clock_samd09_d10_d11/gclk.o
 .debug_frame   0x00000890       0x9c sam0/drivers/system/pinmux/pinmux.o
 .debug_frame   0x0000092c       0x38 sam0/drivers/system/system.o
 .debug_frame   0x00000964       0x7c sam0/drivers/tc/tc_interrupt.o
 .debug_frame   0x000009e0       0xb8 sam0/drivers/tc/tc_sam_d_r_h/tc.o
 .debug_frame   0x00000a98       0x38 sam0/utils/cmsis/samd10/source/gcc/startup_samd10.o
 .debug_frame   0x00000ad0       0x34 sam0/utils/stdio/read.o
 .debug_frame   0x00000b04       0x34 sam0/utils/stdio/write.o
 .debug_frame   0x00000b38       0xa0 sam0/utils/syscalls/gcc/syscalls.o
 .debug_frame   0x00000bd8       0x20 c:/program files (x86)/gnu arm embedded toolchain/10 2020-q4-major/bin/../lib/gcc/arm-none-eabi/10.2.1/thumb/v6-m/nofp\libgcc.a(_udivsi3.o)
 .debug_frame   0x00000bf8       0x34 c:/program files (x86)/gnu arm embedded toolchain/10 2020-q4-major/bin/../lib/gcc/arm-none-eabi/10.2.1/thumb/v6-m/nofp\libgcc.a(_muldi3.o)
 .debug_frame   0x00000c2c       0x2c c:/program files (x86)/gnu arm embedded toolchain/10 2020-q4-major/bin/../lib/gcc/arm-none-eabi/10.2.1/../../../../arm-none-eabi/lib/thumb/v6-m/nofp\libc_nano.a(lib_a-init.o)
 .debug_frame   0x00000c58       0x20 c:/program files (x86)/gnu arm embedded toolchain/10 2020-q4-major/bin/../lib/gcc/arm-none-eabi/10.2.1/../../../../arm-none-eabi/lib/thumb/v6-m/nofp\libc_nano.a(lib_a-memset.o)
 .debug_frame   0x00000c78       0x50 c:/program files (x86)/gnu arm embedded toolchain/10 2020-q4-major/bin/../lib/gcc/arm-none-eabi/10.2.1/../../../../arm-none-eabi/lib/thumb/v6-m/nofp\libc_nano.a(lib_a-printf.o)
 .debug_frame   0x00000cc8       0x44 c:/program files (x86)/gnu arm embedded toolchain/10 2020-q4-major/bin/../lib/gcc/arm-none-eabi/10.2.1/../../../../arm-none-eabi/lib/thumb/v6-m/nofp\libc_nano.a(lib_a-puts.o)
 .debug_frame   0x00000d0c       0x28 c:/program files (x86)/gnu arm embedded toolchain/10 2020-q4-major/bin/../lib/gcc/arm-none-eabi/10.2.1/../../../../arm-none-eabi/lib/thumb/v6-m/nofp\libc_nano.a(lib_a-setbuf.o)
 .debug_frame   0x00000d34       0x30 c:/program files (x86)/gnu arm embedded toolchain/10 2020-q4-major/bin/../lib/gcc/arm-none-eabi/10.2.1/../../../../arm-none-eabi/lib/thumb/v6-m/nofp\libc_nano.a(lib_a-setvbuf.o)
 .debug_frame   0x00000d64       0x48 c:/program files (x86)/gnu arm embedded toolchain/10 2020-q4-major/bin/../lib/gcc/arm-none-eabi/10.2.1/../../../../arm-none-eabi/lib/thumb/v6-m/nofp\libc_nano.a(lib_a-wbuf.o)
 .debug_frame   0x00000dac       0x2c c:/program files (x86)/gnu arm embedded toolchain/10 2020-q4-major/bin/../lib/gcc/arm-none-eabi/10.2.1/../../../../arm-none-eabi/lib/thumb/v6-m/nofp\libc_nano.a(lib_a-wsetup.o)
 .debug_frame   0x00000dd8       0x68 c:/program files (x86)/gnu arm embedded toolchain/10 2020-q4-major/bin/../lib/gcc/arm-none-eabi/10.2.1/../../../../arm-none-eabi/lib/thumb/v6-m/nofp\libc_nano.a(lib_a-fflush.o)
 .debug_frame   0x00000e40      0x170 c:/program files (x86)/gnu arm embedded toolchain/10 2020-q4-major/bin/../lib/gcc/arm-none-eabi/10.2.1/../../../../arm-none-eabi/lib/thumb/v6-m/nofp\libc_nano.a(lib_a-findfp.o)
 .debug_frame   0x00000fb0       0x58 c:/program files (x86)/gnu arm embedded toolchain/10 2020-q4-major/bin/../lib/gcc/arm-none-eabi/10.2.1/../../../../arm-none-eabi/lib/thumb/v6-m/nofp\libc_nano.a(lib_a-fwalk.o)
 .debug_frame   0x00001008       0xb0 c:/program files (x86)/gnu arm embedded toolchain/10 2020-q4-major/bin/../lib/gcc/arm-none-eabi/10.2.1/../../../../arm-none-eabi/lib/thumb/v6-m/nofp\libc_nano.a(lib_a-lock.o)
 .debug_frame   0x000010b8       0x54 c:/program files (x86)/gnu arm embedded toolchain/10 2020-q4-major/bin/../lib/gcc/arm-none-eabi/10.2.1/../../../../arm-none-eabi/lib/thumb/v6-m/nofp\libc_nano.a(lib_a-makebuf.o)
 .debug_frame   0x0000110c       0x40 c:/program files (x86)/gnu arm embedded toolchain/10 2020-q4-major/bin/../lib/gcc/arm-none-eabi/10.2.1/../../../../arm-none-eabi/lib/thumb/v6-m/nofp\libc_nano.a(lib_a-malloc.o)
 .debug_frame   0x0000114c       0x2c c:/program files (x86)/gnu arm embedded toolchain/10 2020-q4-major/bin/../lib/gcc/arm-none-eabi/10.2.1/../../../../arm-none-eabi/lib/thumb/v6-m/nofp\libc_nano.a(lib_a-nano-freer.o)
 .debug_frame   0x00001178       0x30 c:/program files (x86)/gnu arm embedded toolchain/10 2020-q4-major/bin/../lib/gcc/arm-none-eabi/10.2.1/../../../../arm-none-eabi/lib/thumb/v6-m/nofp\libc_nano.a(lib_a-nano-mallocr.o)
 .debug_frame   0x000011a8       0x9c c:/program files (x86)/gnu arm embedded toolchain/10 2020-q4-major/bin/../lib/gcc/arm-none-eabi/10.2.1/../../../../arm-none-eabi/lib/thumb/v6-m/nofp\libc_nano.a(lib_a-nano-vfprintf.o)
 .debug_frame   0x00001244       0x54 c:/program files (x86)/gnu arm embedded toolchain/10 2020-q4-major/bin/../lib/gcc/arm-none-eabi/10.2.1/../../../../arm-none-eabi/lib/thumb/v6-m/nofp\libc_nano.a(lib_a-nano-vfprintf_i.o)
 .debug_frame   0x00001298       0x2c c:/program files (x86)/gnu arm embedded toolchain/10 2020-q4-major/bin/../lib/gcc/arm-none-eabi/10.2.1/../../../../arm-none-eabi/lib/thumb/v6-m/nofp\libc_nano.a(lib_a-sbrkr.o)
 .debug_frame   0x000012c4       0x90 c:/program files (x86)/gnu arm embedded toolchain/10 2020-q4-major/bin/../lib/gcc/arm-none-eabi/10.2.1/../../../../arm-none-eabi/lib/thumb/v6-m/nofp\libc_nano.a(lib_a-stdio.o)
 .debug_frame   0x00001354       0x2c c:/program files (x86)/gnu arm embedded toolchain/10 2020-q4-major/bin/../lib/gcc/arm-none-eabi/10.2.1/../../../../arm-none-eabi/lib/thumb/v6-m/nofp\libc_nano.a(lib_a-writer.o)
 .debug_frame   0x00001380       0x2c c:/program files (x86)/gnu arm embedded toolchain/10 2020-q4-major/bin/../lib/gcc/arm-none-eabi/10.2.1/../../../../arm-none-eabi/lib/thumb/v6-m/nofp\libc_nano.a(lib_a-closer.o)
 .debug_frame   0x000013ac       0x2c c:/program files (x86)/gnu arm embedded toolchain/10 2020-q4-major/bin/../lib/gcc/arm-none-eabi/10.2.1/../../../../arm-none-eabi/lib/thumb/v6-m/nofp\libc_nano.a(lib_a-fstatr.o)
 .debug_frame   0x000013d8       0x2c c:/program files (x86)/gnu arm embedded toolchain/10 2020-q4-major/bin/../lib/gcc/arm-none-eabi/10.2.1/../../../../arm-none-eabi/lib/thumb/v6-m/nofp\libc_nano.a(lib_a-isattyr.o)
 .debug_frame   0x00001404       0x2c c:/program files (x86)/gnu arm embedded toolchain/10 2020-q4-major/bin/../lib/gcc/arm-none-eabi/10.2.1/../../../../arm-none-eabi/lib/thumb/v6-m/nofp\libc_nano.a(lib_a-lseekr.o)
 .debug_frame   0x00001430       0x20 c:/program files (x86)/gnu arm embedded toolchain/10 2020-q4-major/bin/../lib/gcc/arm-none-eabi/10.2.1/../../../../arm-none-eabi/lib/thumb/v6-m/nofp\libc_nano.a(lib_a-memchr-stub.o)
 .debug_frame   0x00001450       0x40 c:/program files (x86)/gnu arm embedded toolchain/10 2020-q4-major/bin/../lib/gcc/arm-none-eabi/10.2.1/../../../../arm-none-eabi/lib/thumb/v6-m/nofp\libc_nano.a(lib_a-mlock.o)
 .debug_frame   0x00001490       0x2c c:/program files (x86)/gnu arm embedded toolchain/10 2020-q4-major/bin/../lib/gcc/arm-none-eabi/10.2.1/../../../../arm-none-eabi/lib/thumb/v6-m/nofp\libc_nano.a(lib_a-readr.o)
 .debug_frame   0x000014bc       0x48 c:/program files (x86)/gnu arm embedded toolchain/10 2020-q4-major/bin/../lib/gcc/arm-none-eabi/10.2.1/../../../../arm-none-eabi/lib/thumb/v6-m/nofp\libc_nano.a(lib_a-reent.o)

Cross Reference Table

Symbol                                            File
AC_Handler                                        sam0/utils/cmsis/samd10/source/gcc/startup_samd10.o
ADC_Handler                                       sam0/utils/cmsis/samd10/source/gcc/startup_samd10.o
DAC_Handler                                       sam0/utils/cmsis/samd10/source/gcc/startup_samd10.o
DMAC_Handler                                      sam0/utils/cmsis/samd10/source/gcc/startup_samd10.o
Dummy_Handler                                     sam0/utils/cmsis/samd10/source/gcc/startup_samd10.o
EIC_Handler                                       sam0/drivers/extint/extint_callback.o
EVSYS_Handler                                     sam0/utils/cmsis/samd10/source/gcc/startup_samd10.o
HardFault_Handler                                 sam0/utils/cmsis/samd10/source/gcc/startup_samd10.o
NMI_Handler                                       sam0/utils/cmsis/samd10/source/gcc/startup_samd10.o
NVMCTRL_Handler                                   sam0/utils/cmsis/samd10/source/gcc/startup_samd10.o
PM_Handler                                        sam0/utils/cmsis/samd10/source/gcc/startup_samd10.o
PTC_Handler                                       sam0/utils/cmsis/samd10/source/gcc/startup_samd10.o
PendSV_Handler                                    sam0/utils/cmsis/samd10/source/gcc/startup_samd10.o
RTC_Handler                                       sam0/utils/cmsis/samd10/source/gcc/startup_samd10.o
Reset_Handler                                     sam0/utils/cmsis/samd10/source/gcc/startup_samd10.o
SERCOM0_Handler                                   sam0/drivers/sercom/sercom_interrupt.o
SERCOM1_Handler                                   sam0/drivers/sercom/sercom_interrupt.o
SERCOM2_Handler                                   sam0/drivers/sercom/sercom_interrupt.o
SVC_Handler                                       sam0/utils/cmsis/samd10/source/gcc/startup_samd10.o
SYSCTRL_Handler                                   sam0/utils/cmsis/samd10/source/gcc/startup_samd10.o
SysTick_Handler                                   sam0/utils/cmsis/samd10/source/gcc/startup_samd10.o
SystemCoreClock                                   sam0/utils/cmsis/samd10/source/system_samd10.o
SystemCoreClockUpdate                             sam0/utils/cmsis/samd10/source/system_samd10.o
SystemInit                                        sam0/utils/cmsis/samd10/source/system_samd10.o
TC1_Handler                                       sam0/drivers/tc/tc_interrupt.o
TC2_Handler                                       sam0/drivers/tc/tc_interrupt.o
TCC0_Handler                                      sam0/utils/cmsis/samd10/source/gcc/startup_samd10.o
WDT_Handler                                       sam0/utils/cmsis/samd10/source/gcc/startup_samd10.o
__aeabi_idiv                                      c:/program files (x86)/gnu arm embedded toolchain/10 2020-q4-major/bin/../lib/gcc/arm-none-eabi/10.2.1/thumb/v6-m/nofp\libgcc.a(_divsi3.o)
                                                  c:/program files (x86)/gnu arm embedded toolchain/10 2020-q4-major/bin/../lib/gcc/arm-none-eabi/10.2.1/../../../../arm-none-eabi/lib/thumb/v6-m/nofp\libc_nano.a(lib_a-fvwrite.o)
__aeabi_idiv0                                     c:/program files (x86)/gnu arm embedded toolchain/10 2020-q4-major/bin/../lib/gcc/arm-none-eabi/10.2.1/thumb/v6-m/nofp\libgcc.a(_dvmd_tls.o)
                                                  c:/program files (x86)/gnu arm embedded toolchain/10 2020-q4-major/bin/../lib/gcc/arm-none-eabi/10.2.1/thumb/v6-m/nofp\libgcc.a(_divsi3.o)
                                                  c:/program files (x86)/gnu arm embedded toolchain/10 2020-q4-major/bin/../lib/gcc/arm-none-eabi/10.2.1/thumb/v6-m/nofp\libgcc.a(_udivsi3.o)
__aeabi_idivmod                                   c:/program files (x86)/gnu arm embedded toolchain/10 2020-q4-major/bin/../lib/gcc/arm-none-eabi/10.2.1/thumb/v6-m/nofp\libgcc.a(_divsi3.o)
__aeabi_ldiv0                                     c:/program files (x86)/gnu arm embedded toolchain/10 2020-q4-major/bin/../lib/gcc/arm-none-eabi/10.2.1/thumb/v6-m/nofp\libgcc.a(_dvmd_tls.o)
__aeabi_lmul                                      c:/program files (x86)/gnu arm embedded toolchain/10 2020-q4-major/bin/../lib/gcc/arm-none-eabi/10.2.1/thumb/v6-m/nofp\libgcc.a(_muldi3.o)
                                                  sam0/drivers/sercom/sercom.o
__aeabi_uidiv                                     c:/program files (x86)/gnu arm embedded toolchain/10 2020-q4-major/bin/../lib/gcc/arm-none-eabi/10.2.1/thumb/v6-m/nofp\libgcc.a(_udivsi3.o)
                                                  sam0/drivers/system/clock/clock_samd09_d10_d11/gclk.o
                                                  sam0/drivers/system/clock/clock_samd09_d10_d11/clock.o
                                                  common2/services/delay/sam0/systick_counter.o
__aeabi_uidivmod                                  c:/program files (x86)/gnu arm embedded toolchain/10 2020-q4-major/bin/../lib/gcc/arm-none-eabi/10.2.1/thumb/v6-m/nofp\libgcc.a(_udivsi3.o)
                                                  c:/program files (x86)/gnu arm embedded toolchain/10 2020-q4-major/bin/../lib/gcc/arm-none-eabi/10.2.1/../../../../arm-none-eabi/lib/thumb/v6-m/nofp\libc_nano.a(lib_a-nano-vfprintf_i.o)
                                                  sam0/applications/getting-started/main.o
__bss_end__                                       c:/program files (x86)/gnu arm embedded toolchain/10 2020-q4-major/bin/../lib/gcc/arm-none-eabi/10.2.1/../../../../arm-none-eabi/lib/thumb/v6-m/nofp/crt0.o
__bss_start__                                     c:/program files (x86)/gnu arm embedded toolchain/10 2020-q4-major/bin/../lib/gcc/arm-none-eabi/10.2.1/../../../../arm-none-eabi/lib/thumb/v6-m/nofp/crt0.o
__call_exitprocs                                  c:/program files (x86)/gnu arm embedded toolchain/10 2020-q4-major/bin/../lib/gcc/arm-none-eabi/10.2.1/../../../../arm-none-eabi/lib/thumb/v6-m/nofp\libc_nano.a(lib_a-exit.o)